Archive member included to satisfy reference by file (symbol)

c:/users/user/chipwhisperer5_64/cw/home/portable/armgcc/gcc-arm-none-eabi-10-2020-q4-major/bin/../lib/gcc/arm-none-eabi/10.2.1/../../../../arm-none-eabi/lib/thumb/v7e-m/nofp\libg_nano.a(lib_a-errno.o)
                              objdir/stm32f3_sysmem.o (__errno)
c:/users/user/chipwhisperer5_64/cw/home/portable/armgcc/gcc-arm-none-eabi-10-2020-q4-major/bin/../lib/gcc/arm-none-eabi/10.2.1/../../../../arm-none-eabi/lib/thumb/v7e-m/nofp\libg_nano.a(lib_a-exit.o)
                              c:/users/user/chipwhisperer5_64/cw/home/portable/armgcc/gcc-arm-none-eabi-10-2020-q4-major/bin/../lib/gcc/arm-none-eabi/10.2.1/../../../../arm-none-eabi/lib/thumb/v7e-m/nofp/crt0.o (exit)
c:/users/user/chipwhisperer5_64/cw/home/portable/armgcc/gcc-arm-none-eabi-10-2020-q4-major/bin/../lib/gcc/arm-none-eabi/10.2.1/../../../../arm-none-eabi/lib/thumb/v7e-m/nofp\libg_nano.a(lib_a-impure.o)
                              c:/users/user/chipwhisperer5_64/cw/home/portable/armgcc/gcc-arm-none-eabi-10-2020-q4-major/bin/../lib/gcc/arm-none-eabi/10.2.1/../../../../arm-none-eabi/lib/thumb/v7e-m/nofp\libg_nano.a(lib_a-exit.o) (_global_impure_ptr)
c:/users/user/chipwhisperer5_64/cw/home/portable/armgcc/gcc-arm-none-eabi-10-2020-q4-major/bin/../lib/gcc/arm-none-eabi/10.2.1/../../../../arm-none-eabi/lib/thumb/v7e-m/nofp\libg_nano.a(lib_a-init.o)
                              c:/users/user/chipwhisperer5_64/cw/home/portable/armgcc/gcc-arm-none-eabi-10-2020-q4-major/bin/../lib/gcc/arm-none-eabi/10.2.1/../../../../arm-none-eabi/lib/thumb/v7e-m/nofp/crt0.o (__libc_init_array)
c:/users/user/chipwhisperer5_64/cw/home/portable/armgcc/gcc-arm-none-eabi-10-2020-q4-major/bin/../lib/gcc/arm-none-eabi/10.2.1/../../../../arm-none-eabi/lib/thumb/v7e-m/nofp\libg_nano.a(lib_a-memcpy-stub.o)
                              objdir/katrng.o (memcpy)
c:/users/user/chipwhisperer5_64/cw/home/portable/armgcc/gcc-arm-none-eabi-10-2020-q4-major/bin/../lib/gcc/arm-none-eabi/10.2.1/../../../../arm-none-eabi/lib/thumb/v7e-m/nofp\libg_nano.a(lib_a-memmove.o)
                              objdir/katrng.o (memmove)
c:/users/user/chipwhisperer5_64/cw/home/portable/armgcc/gcc-arm-none-eabi-10-2020-q4-major/bin/../lib/gcc/arm-none-eabi/10.2.1/../../../../arm-none-eabi/lib/thumb/v7e-m/nofp\libg_nano.a(lib_a-memset.o)
                              c:/users/user/chipwhisperer5_64/cw/home/portable/armgcc/gcc-arm-none-eabi-10-2020-q4-major/bin/../lib/gcc/arm-none-eabi/10.2.1/../../../../arm-none-eabi/lib/thumb/v7e-m/nofp/crt0.o (memset)
c:/users/user/chipwhisperer5_64/cw/home/portable/armgcc/gcc-arm-none-eabi-10-2020-q4-major/bin/../lib/gcc/arm-none-eabi/10.2.1/../../../../arm-none-eabi/lib/thumb/v7e-m/nofp\libnosys.a(_exit.o)
                              c:/users/user/chipwhisperer5_64/cw/home/portable/armgcc/gcc-arm-none-eabi-10-2020-q4-major/bin/../lib/gcc/arm-none-eabi/10.2.1/../../../../arm-none-eabi/lib/thumb/v7e-m/nofp\libg_nano.a(lib_a-exit.o) (_exit)

Discarded input sections

 .text          0x00000000        0x0 c:/users/user/chipwhisperer5_64/cw/home/portable/armgcc/gcc-arm-none-eabi-10-2020-q4-major/bin/../lib/gcc/arm-none-eabi/10.2.1/thumb/v7e-m/nofp/crti.o
 .data          0x00000000        0x0 c:/users/user/chipwhisperer5_64/cw/home/portable/armgcc/gcc-arm-none-eabi-10-2020-q4-major/bin/../lib/gcc/arm-none-eabi/10.2.1/thumb/v7e-m/nofp/crti.o
 .bss           0x00000000        0x0 c:/users/user/chipwhisperer5_64/cw/home/portable/armgcc/gcc-arm-none-eabi-10-2020-q4-major/bin/../lib/gcc/arm-none-eabi/10.2.1/thumb/v7e-m/nofp/crti.o
 .data          0x00000000        0x4 c:/users/user/chipwhisperer5_64/cw/home/portable/armgcc/gcc-arm-none-eabi-10-2020-q4-major/bin/../lib/gcc/arm-none-eabi/10.2.1/thumb/v7e-m/nofp/crtbegin.o
 .rodata        0x00000000       0x24 c:/users/user/chipwhisperer5_64/cw/home/portable/armgcc/gcc-arm-none-eabi-10-2020-q4-major/bin/../lib/gcc/arm-none-eabi/10.2.1/thumb/v7e-m/nofp/crtbegin.o
 .text          0x00000000       0x7c c:/users/user/chipwhisperer5_64/cw/home/portable/armgcc/gcc-arm-none-eabi-10-2020-q4-major/bin/../lib/gcc/arm-none-eabi/10.2.1/../../../../arm-none-eabi/lib/thumb/v7e-m/nofp/crt0.o
 .data          0x00000000        0x0 c:/users/user/chipwhisperer5_64/cw/home/portable/armgcc/gcc-arm-none-eabi-10-2020-q4-major/bin/../lib/gcc/arm-none-eabi/10.2.1/../../../../arm-none-eabi/lib/thumb/v7e-m/nofp/crt0.o
 .bss           0x00000000        0x0 c:/users/user/chipwhisperer5_64/cw/home/portable/armgcc/gcc-arm-none-eabi-10-2020-q4-major/bin/../lib/gcc/arm-none-eabi/10.2.1/../../../../arm-none-eabi/lib/thumb/v7e-m/nofp/crt0.o
 .ARM.extab     0x00000000        0x0 c:/users/user/chipwhisperer5_64/cw/home/portable/armgcc/gcc-arm-none-eabi-10-2020-q4-major/bin/../lib/gcc/arm-none-eabi/10.2.1/../../../../arm-none-eabi/lib/thumb/v7e-m/nofp/crt0.o
 .ARM.exidx     0x00000000       0x10 c:/users/user/chipwhisperer5_64/cw/home/portable/armgcc/gcc-arm-none-eabi-10-2020-q4-major/bin/../lib/gcc/arm-none-eabi/10.2.1/../../../../arm-none-eabi/lib/thumb/v7e-m/nofp/crt0.o
 .ARM.attributes
                0x00000000       0x1c c:/users/user/chipwhisperer5_64/cw/home/portable/armgcc/gcc-arm-none-eabi-10-2020-q4-major/bin/../lib/gcc/arm-none-eabi/10.2.1/../../../../arm-none-eabi/lib/thumb/v7e-m/nofp/crt0.o
 .text          0x00000000        0x0 objdir/main.o
 .data          0x00000000        0x8 objdir/main.o
 .rodata        0x00000000      0x140 objdir/main.o
 .text.transform1
                0x00000000       0x78 objdir/main.o
 .text          0x00000000        0x0 objdir/api.o
 .data          0x00000000        0x0 objdir/api.o
 .bss           0x00000000        0x0 objdir/api.o
 .debug_info    0x00000000       0x6b objdir/api.o
 .debug_abbrev  0x00000000       0x26 objdir/api.o
 .debug_aranges
                0x00000000       0x18 objdir/api.o
 .debug_line    0x00000000       0x1d objdir/api.o
 .debug_str     0x00000000      0x18c objdir/api.o
 .comment       0x00000000       0x4e objdir/api.o
 .ARM.attributes
                0x00000000       0x33 objdir/api.o
 .text          0x00000000        0x0 objdir/codec.o
 .data          0x00000000        0x0 objdir/codec.o
 .bss           0x00000000        0x0 objdir/codec.o
 .rodata        0x00000000      0x163 objdir/codec.o
 .text.falcon_inner_modq_encode
                0x00000000       0xe2 objdir/codec.o
 .text.falcon_inner_modq_decode
                0x00000000       0xc0 objdir/codec.o
 .text.falcon_inner_trim_i16_encode
                0x00000000      0x12a objdir/codec.o
 .text.falcon_inner_trim_i16_decode
                0x00000000      0x104 objdir/codec.o
 .text.falcon_inner_trim_i8_encode
                0x00000000      0x124 objdir/codec.o
 .text.falcon_inner_trim_i8_decode
                0x00000000       0xf4 objdir/codec.o
 .text.falcon_inner_comp_encode
                0x00000000      0x158 objdir/codec.o
 .text.falcon_inner_comp_decode
                0x00000000      0x11c objdir/codec.o
 .debug_info    0x00000000      0xaab objdir/codec.o
 .debug_abbrev  0x00000000      0x16e objdir/codec.o
 .debug_loc     0x00000000      0x2ea objdir/codec.o
 .debug_aranges
                0x00000000       0x58 objdir/codec.o
 .debug_ranges  0x00000000       0x48 objdir/codec.o
 .debug_line    0x00000000      0x745 objdir/codec.o
 .debug_str     0x00000000      0x47f objdir/codec.o
 .comment       0x00000000       0x4e objdir/codec.o
 .debug_frame   0x00000000      0x150 objdir/codec.o
 .ARM.attributes
                0x00000000       0x2e objdir/codec.o
 .text          0x00000000        0x0 objdir/common.o
 .data          0x00000000        0x0 objdir/common.o
 .bss           0x00000000        0x0 objdir/common.o
 .rodata        0x00000000      0x182 objdir/common.o
 .text.falcon_inner_hash_to_point_vartime
                0x00000000       0x70 objdir/common.o
 .text.falcon_inner_hash_to_point_ct
                0x00000000      0x330 objdir/common.o
 .text.falcon_inner_is_short
                0x00000000       0xa8 objdir/common.o
 .text.falcon_inner_is_short_half
                0x00000000       0x84 objdir/common.o
 .debug_info    0x00000000      0x6d7 objdir/common.o
 .debug_abbrev  0x00000000      0x1ba objdir/common.o
 .debug_loc     0x00000000      0x15a objdir/common.o
 .debug_aranges
                0x00000000       0x38 objdir/common.o
 .debug_ranges  0x00000000       0x28 objdir/common.o
 .debug_line    0x00000000      0x497 objdir/common.o
 .debug_str     0x00000000      0x3a8 objdir/common.o
 .comment       0x00000000       0x4e objdir/common.o
 .debug_frame   0x00000000       0xac objdir/common.o
 .ARM.attributes
                0x00000000       0x2e objdir/common.o
 .text          0x00000000        0x0 objdir/fft.o
 .data          0x00000000        0x0 objdir/fft.o
 .bss           0x00000000        0x0 objdir/fft.o
 .rodata        0x00000000      0x140 objdir/fft.o
 .text.fpr_sub  0x00000000       0x36 objdir/fft.o
 .text.fpr_neg  0x00000000       0x28 objdir/fft.o
 .text.fpr_half
                0x00000000       0x68 objdir/fft.o
 .text.fpr_sqr  0x00000000       0x24 objdir/fft.o
 .text.fpr_inv  0x00000000       0x2c objdir/fft.o
 .text.falcon_inner_FFT
                0x00000000      0x2a4 objdir/fft.o
 .text.falcon_inner_iFFT
                0x00000000      0x304 objdir/fft.o
 .text.falcon_inner_poly_add
                0x00000000       0x60 objdir/fft.o
 .text.falcon_inner_poly_sub
                0x00000000       0x60 objdir/fft.o
 .text.falcon_inner_poly_neg
                0x00000000       0x56 objdir/fft.o
 .text.falcon_inner_poly_adj_fft
                0x00000000       0x58 objdir/fft.o
 .text.falcon_inner_poly_mul_fft
                0x00000000      0x11e objdir/fft.o
 .text.falcon_inner_poly_muladj_fft
                0x00000000      0x126 objdir/fft.o
 .text.falcon_inner_poly_mulselfadj_fft
                0x00000000       0xa4 objdir/fft.o
 .text.falcon_inner_poly_mulconst
                0x00000000       0x58 objdir/fft.o
 .text.falcon_inner_poly_div_fft
                0x00000000      0x174 objdir/fft.o
 .text.falcon_inner_poly_invnorm2_fft
                0x00000000       0xf4 objdir/fft.o
 .text.falcon_inner_poly_add_muladj_fft
                0x00000000      0x256 objdir/fft.o
 .text.falcon_inner_poly_mul_autoadj_fft
                0x00000000       0x9a objdir/fft.o
 .text.falcon_inner_poly_div_autoadj_fft
                0x00000000       0xa2 objdir/fft.o
 .text.falcon_inner_poly_LDL_fft
                0x00000000      0x2b0 objdir/fft.o
 .text.falcon_inner_poly_LDLmv_fft
                0x00000000      0x2b6 objdir/fft.o
 .text.falcon_inner_poly_split_fft
                0x00000000      0x264 objdir/fft.o
 .text.falcon_inner_poly_merge_fft
                0x00000000      0x22c objdir/fft.o
 .debug_info    0x00000000     0x1a66 objdir/fft.o
 .debug_abbrev  0x00000000      0x1aa objdir/fft.o
 .debug_loc     0x00000000      0x7b0 objdir/fft.o
 .debug_aranges
                0x00000000       0xd8 objdir/fft.o
 .debug_ranges  0x00000000       0xc8 objdir/fft.o
 .debug_line    0x00000000      0xede objdir/fft.o
 .debug_str     0x00000000      0x5f7 objdir/fft.o
 .comment       0x00000000       0x4e objdir/fft.o
 .debug_frame   0x00000000      0x408 objdir/fft.o
 .ARM.attributes
                0x00000000       0x2e objdir/fft.o
 .text          0x00000000        0x0 objdir/fpr.o
 .data          0x00000000        0x0 objdir/fpr.o
 .bss           0x00000000        0x0 objdir/fpr.o
 .text.fpr_ursh
                0x00000000       0xa8 objdir/fpr.o
 .text.fpr_ulsh
                0x00000000       0xa8 objdir/fpr.o
 .text.FPR      0x00000000      0x114 objdir/fpr.o
 .rodata        0x00000000     0x4200 objdir/fpr.o
 .text.fpr_trunc
                0x00000000      0x104 objdir/fpr.o
 .text.falcon_inner_fpr_scaled
                0x00000000       0x20 objdir/fpr.o
 .text.falcon_inner_fpr_add
                0x00000000      0x896 objdir/fpr.o
 .text.falcon_inner_fpr_mul
                0x00000000      0x3aa objdir/fpr.o
 .text.falcon_inner_fpr_div
                0x00000000      0x310 objdir/fpr.o
 .text.falcon_inner_fpr_sqrt
                0x00000000      0x2e8 objdir/fpr.o
 .text.falcon_inner_fpr_expm_p63
                0x00000000      0x564 objdir/fpr.o
 .debug_info    0x00000000      0x94e objdir/fpr.o
 .debug_abbrev  0x00000000      0x1e0 objdir/fpr.o
 .debug_loc     0x00000000      0x36e objdir/fpr.o
 .debug_aranges
                0x00000000       0x68 objdir/fpr.o
 .debug_ranges  0x00000000       0x58 objdir/fpr.o
 .debug_line    0x00000000      0x777 objdir/fpr.o
 .debug_str     0x00000000      0x38c objdir/fpr.o
 .comment       0x00000000       0x4e objdir/fpr.o
 .debug_frame   0x00000000      0x220 objdir/fpr.o
 .ARM.attributes
                0x00000000       0x2e objdir/fpr.o
 .text          0x00000000        0x0 objdir/katrng.o
 .data          0x00000000        0x0 objdir/katrng.o
 .bss           0x00000000       0x34 objdir/katrng.o
 .text.seedexpander_init
                0x00000000       0xa6 objdir/katrng.o
 .text.seedexpander
                0x00000000      0x11c objdir/katrng.o
 .text.randombytes_init
                0x00000000       0xa0 objdir/katrng.o
 .text.randombytes
                0x00000000       0xf4 objdir/katrng.o
 .text.AES256_CTR_DRBG_Update
                0x00000000       0xce objdir/katrng.o
 .text.dec32be  0x00000000       0x38 objdir/katrng.o
 .text.enc32be  0x00000000       0x44 objdir/katrng.o
 .rodata        0x00000000      0x528 objdir/katrng.o
 .text.SubWord  0x00000000       0x48 objdir/katrng.o
 .text.aes256_keysched
                0x00000000       0xd8 objdir/katrng.o
 .text.rotr     0x00000000       0x1c objdir/katrng.o
 .text.aes256_encrypt
                0x00000000      0x350 objdir/katrng.o
 .text.AES256_ECB
                0x00000000       0x38 objdir/katrng.o
 .debug_info    0x00000000      0x76b objdir/katrng.o
 .debug_abbrev  0x00000000      0x20b objdir/katrng.o
 .debug_loc     0x00000000      0x3fa objdir/katrng.o
 .debug_aranges
                0x00000000       0x78 objdir/katrng.o
 .debug_ranges  0x00000000       0x68 objdir/katrng.o
 .debug_line    0x00000000      0x770 objdir/katrng.o
 .debug_str     0x00000000      0x334 objdir/katrng.o
 .comment       0x00000000       0x4e objdir/katrng.o
 .debug_frame   0x00000000      0x1e8 objdir/katrng.o
 .ARM.attributes
                0x00000000       0x2e objdir/katrng.o
 .text          0x00000000        0x0 objdir/keygen.o
 .data          0x00000000        0x0 objdir/keygen.o
 .bss           0x00000000        0x0 objdir/keygen.o
 .text.fpr_ursh
                0x00000000       0xa8 objdir/keygen.o
 .text.fpr_ulsh
                0x00000000       0xa8 objdir/keygen.o
 .text.fpr_of   0x00000000       0x22 objdir/keygen.o
 .rodata        0x00000000     0x233c objdir/keygen.o
 .text.fpr_rint
                0x00000000      0x18c objdir/keygen.o
 .text.fpr_sqr  0x00000000       0x24 objdir/keygen.o
 .text.fpr_lt   0x00000000       0x82 objdir/keygen.o
 .text.modp_set
                0x00000000       0x2a objdir/keygen.o
 .text.modp_norm
                0x00000000       0x2a objdir/keygen.o
 .text.modp_ninv31
                0x00000000       0x72 objdir/keygen.o
 .text.modp_R   0x00000000       0x18 objdir/keygen.o
 .text.modp_add
                0x00000000       0x34 objdir/keygen.o
 .text.modp_sub
                0x00000000       0x30 objdir/keygen.o
 .text.modp_montymul
                0x00000000      0x108 objdir/keygen.o
 .text.modp_R2  0x00000000       0x82 objdir/keygen.o
 .text.modp_Rx  0x00000000       0x70 objdir/keygen.o
 .text.modp_div
                0x00000000       0x86 objdir/keygen.o
 .text.modp_mkgm2
                0x00000000       0xe4 objdir/keygen.o
 .text.modp_NTT2_ext
                0x00000000       0xf8 objdir/keygen.o
 .text.modp_iNTT2_ext
                0x00000000      0x140 objdir/keygen.o
 .text.modp_poly_rec_res
                0x00000000       0x74 objdir/keygen.o
 .text.zint_sub
                0x00000000       0x7e objdir/keygen.o
 .text.zint_mul_small
                0x00000000       0xa8 objdir/keygen.o
 .text.zint_mod_small_unsigned
                0x00000000       0x66 objdir/keygen.o
 .text.zint_mod_small_signed
                0x00000000       0x58 objdir/keygen.o
 .text.zint_add_mul_small
                0x00000000       0xe4 objdir/keygen.o
 .text.zint_norm_zero
                0x00000000       0x92 objdir/keygen.o
 .text.zint_rebuild_CRT
                0x00000000      0x118 objdir/keygen.o
 .text.zint_negate
                0x00000000       0x66 objdir/keygen.o
 .text.zint_co_reduce
                0x00000000      0x238 objdir/keygen.o
 .text.zint_finish_mod
                0x00000000       0xc0 objdir/keygen.o
 .text.zint_co_reduce_mod
                0x00000000      0x37c objdir/keygen.o
 .text.zint_bezout
                0x00000000      0xc40 objdir/keygen.o
 .text.zint_add_scaled_mul_small
                0x00000000      0x13e objdir/keygen.o
 .text.zint_sub_scaled
                0x00000000       0xbe objdir/keygen.o
 .text.zint_one_to_plain
                0x00000000       0x2c objdir/keygen.o
 .text.poly_big_to_fp
                0x00000000      0x140 objdir/keygen.o
 .text.poly_big_to_small
                0x00000000       0x68 objdir/keygen.o
 .text.poly_sub_scaled
                0x00000000       0xb2 objdir/keygen.o
 .text.poly_sub_scaled_ntt
                0x00000000      0x244 objdir/keygen.o
 .text.get_rng_u64
                0x00000000      0x15a objdir/keygen.o
 .text.mkgauss  0x00000000      0x134 objdir/keygen.o
 .text.poly_small_sqnorm
                0x00000000       0x66 objdir/keygen.o
 .text.align_fpr
                0x00000000       0x42 objdir/keygen.o
 .text.align_u32
                0x00000000       0x42 objdir/keygen.o
 .text.poly_small_to_fp
                0x00000000       0x5e objdir/keygen.o
 .text.make_fg_step
                0x00000000      0x5ec objdir/keygen.o
 .text.make_fg  0x00000000      0x148 objdir/keygen.o
 .text.solve_NTRU_deepest
                0x00000000       0xd0 objdir/keygen.o
 .text.solve_NTRU_intermediate
                0x00000000      0xfa8 objdir/keygen.o
 .text.solve_NTRU_binary_depth1
                0x00000000      0xb24 objdir/keygen.o
 .text.solve_NTRU_binary_depth0
                0x00000000      0x9f8 objdir/keygen.o
 .text.solve_NTRU
                0x00000000      0x2c0 objdir/keygen.o
 .text.poly_small_mkgauss
                0x00000000       0x84 objdir/keygen.o
 .text.falcon_inner_keygen
                0x00000000      0x298 objdir/keygen.o
 .debug_info    0x00000000     0x3734 objdir/keygen.o
 .debug_abbrev  0x00000000      0x285 objdir/keygen.o
 .debug_loc     0x00000000     0x120f objdir/keygen.o
 .debug_aranges
                0x00000000      0x1c8 objdir/keygen.o
 .debug_ranges  0x00000000      0x1e8 objdir/keygen.o
 .debug_line    0x00000000     0x30eb objdir/keygen.o
 .debug_str     0x00000000      0x7da objdir/keygen.o
 .comment       0x00000000       0x4e objdir/keygen.o
 .debug_frame   0x00000000      0x920 objdir/keygen.o
 .ARM.attributes
                0x00000000       0x2e objdir/keygen.o
 .text          0x00000000        0x0 objdir/nist.o
 .data          0x00000000        0x0 objdir/nist.o
 .bss           0x00000000      0x4d0 objdir/nist.o
 .rodata        0x00000000      0x998 objdir/nist.o
 .text.crypto_sign_keypair
                0x00000000      0x288 objdir/nist.o
 .text.crypto_sign
                0x00000000      0x178 objdir/nist.o
 .text.crypto_sign_open
                0x00000000      0x234 objdir/nist.o
 .debug_info    0x00000000      0x76a objdir/nist.o
 .debug_abbrev  0x00000000      0x192 objdir/nist.o
 .debug_loc     0x00000000      0x123 objdir/nist.o
 .debug_aranges
                0x00000000       0x30 objdir/nist.o
 .debug_ranges  0x00000000       0x20 objdir/nist.o
 .debug_line    0x00000000      0x325 objdir/nist.o
 .debug_str     0x00000000      0x3a6 objdir/nist.o
 .comment       0x00000000       0x4e objdir/nist.o
 .debug_frame   0x00000000       0xac objdir/nist.o
 .ARM.attributes
                0x00000000       0x2e objdir/nist.o
 .text          0x00000000        0x0 objdir/rng.o
 .data          0x00000000        0x0 objdir/rng.o
 .bss           0x00000000        0x0 objdir/rng.o
 .rodata        0x00000000      0x150 objdir/rng.o
 .text.falcon_inner_prng_init
                0x00000000       0xea objdir/rng.o
 .text.falcon_inner_prng_refill
                0x00000000      0x508 objdir/rng.o
 .text.falcon_inner_prng_get_bytes
                0x00000000       0x78 objdir/rng.o
 .debug_info    0x00000000      0x56f objdir/rng.o
 .debug_abbrev  0x00000000      0x1b7 objdir/rng.o
 .debug_loc     0x00000000       0xf4 objdir/rng.o
 .debug_aranges
                0x00000000       0x30 objdir/rng.o
 .debug_ranges  0x00000000       0x20 objdir/rng.o
 .debug_line    0x00000000      0x52c objdir/rng.o
 .debug_str     0x00000000      0x34c objdir/rng.o
 .comment       0x00000000       0x4e objdir/rng.o
 .debug_frame   0x00000000       0x94 objdir/rng.o
 .ARM.attributes
                0x00000000       0x2e objdir/rng.o
 .text          0x00000000        0x0 objdir/shake.o
 .data          0x00000000        0x0 objdir/shake.o
 .bss           0x00000000        0x0 objdir/shake.o
 .rodata        0x00000000      0x200 objdir/shake.o
 .text.process_block
                0x00000000     0x4050 objdir/shake.o
 .text.falcon_inner_i_shake256_init
                0x00000000       0x2a objdir/shake.o
 .text.falcon_inner_i_shake256_inject
                0x00000000       0xee objdir/shake.o
 .text.falcon_inner_i_shake256_flip
                0x00000000       0x96 objdir/shake.o
 .text.falcon_inner_i_shake256_extract
                0x00000000       0xb4 objdir/shake.o
 .debug_info    0x00000000      0x5ba objdir/shake.o
 .debug_abbrev  0x00000000      0x18b objdir/shake.o
 .debug_loc     0x00000000      0x1ac objdir/shake.o
 .debug_aranges
                0x00000000       0x40 objdir/shake.o
 .debug_ranges  0x00000000       0x30 objdir/shake.o
 .debug_line    0x00000000     0x1f5d objdir/shake.o
 .debug_str     0x00000000      0x35b objdir/shake.o
 .comment       0x00000000       0x4e objdir/shake.o
 .debug_frame   0x00000000      0x110 objdir/shake.o
 .ARM.attributes
                0x00000000       0x2e objdir/shake.o
 .text          0x00000000        0x0 objdir/sign.o
 .data          0x00000000        0x0 objdir/sign.o
 .bss           0x00000000        0x0 objdir/sign.o
 .text.fpr_ursh
                0x00000000       0xa8 objdir/sign.o
 .text.fpr_irsh
                0x00000000       0xaa objdir/sign.o
 .text.fpr_ulsh
                0x00000000       0xa8 objdir/sign.o
 .text.fpr_of   0x00000000       0x22 objdir/sign.o
 .rodata        0x00000000      0x218 objdir/sign.o
 .text.fpr_rint
                0x00000000      0x18c objdir/sign.o
 .text.fpr_floor
                0x00000000      0x138 objdir/sign.o
 .text.fpr_trunc
                0x00000000      0x104 objdir/sign.o
 .text.fpr_sub  0x00000000       0x36 objdir/sign.o
 .text.fpr_neg  0x00000000       0x28 objdir/sign.o
 .text.fpr_half
                0x00000000       0x68 objdir/sign.o
 .text.fpr_sqr  0x00000000       0x24 objdir/sign.o
 .text.prng_get_u64
                0x00000000      0x19a objdir/sign.o
 .text.prng_get_u8
                0x00000000       0x38 objdir/sign.o
 .text.ffLDL_treesize
                0x00000000       0x1c objdir/sign.o
 .text.ffLDL_fft_inner
                0x00000000       0xbe objdir/sign.o
 .text.ffLDL_fft
                0x00000000       0xf2 objdir/sign.o
 .text.ffLDL_binary_normalize
                0x00000000       0x88 objdir/sign.o
 .text.smallints_to_fpr
                0x00000000       0x5e objdir/sign.o
 .text.skoff_b00
                0x00000000       0x14 objdir/sign.o
 .text.skoff_b01
                0x00000000       0x1a objdir/sign.o
 .text.skoff_b10
                0x00000000       0x1a objdir/sign.o
 .text.skoff_b11
                0x00000000       0x1a objdir/sign.o
 .text.skoff_tree
                0x00000000       0x1a objdir/sign.o
 .text.falcon_inner_expand_privkey
                0x00000000      0x1be objdir/sign.o
 .text.ffSampling_fft_dyntree
                0x00000000      0x258 objdir/sign.o
 .text.ffSampling_fft
                0x00000000      0xb0c objdir/sign.o
 .text.do_sign_tree
                0x00000000      0x2d0 objdir/sign.o
 .text.do_sign_dyn
                0x00000000      0x4e8 objdir/sign.o
 .text.falcon_inner_gaussian0_sampler
                0x00000000       0xcc objdir/sign.o
 .text.BerExp   0x00000000      0x128 objdir/sign.o
 .text.falcon_inner_sampler
                0x00000000      0x128 objdir/sign.o
 .text.falcon_inner_sign_tree
                0x00000000       0xc8 objdir/sign.o
 .text.falcon_inner_sign_dyn
                0x00000000       0xd8 objdir/sign.o
 .debug_info    0x00000000     0x181c objdir/sign.o
 .debug_abbrev  0x00000000      0x309 objdir/sign.o
 .debug_loc     0x00000000      0xaf6 objdir/sign.o
 .debug_aranges
                0x00000000      0x120 objdir/sign.o
 .debug_ranges  0x00000000      0x110 objdir/sign.o
 .debug_line    0x00000000      0xf7b objdir/sign.o
 .debug_str     0x00000000      0x5ba objdir/sign.o
 .comment       0x00000000       0x4e objdir/sign.o
 .debug_frame   0x00000000      0x5d4 objdir/sign.o
 .ARM.attributes
                0x00000000       0x2e objdir/sign.o
 .text          0x00000000        0x0 objdir/vrfy.o
 .data          0x00000000        0x0 objdir/vrfy.o
 .bss           0x00000000        0x0 objdir/vrfy.o
 .rodata        0x00000000     0x1140 objdir/vrfy.o
 .text.mq_conv_small
                0x00000000       0x2a objdir/vrfy.o
 .text.mq_add   0x00000000       0x36 objdir/vrfy.o
 .text.mq_sub   0x00000000       0x30 objdir/vrfy.o
 .text.mq_rshift1
                0x00000000       0x2a objdir/vrfy.o
 .text.mq_montymul
                0x00000000       0x60 objdir/vrfy.o
 .text.mq_montysqr
                0x00000000       0x1a objdir/vrfy.o
 .text.mq_div_12289
                0x00000000       0xc6 objdir/vrfy.o
 .text.mq_NTT   0x00000000       0xe4 objdir/vrfy.o
 .text.mq_iNTT  0x00000000      0x13c objdir/vrfy.o
 .text.mq_poly_tomonty
                0x00000000       0x54 objdir/vrfy.o
 .text.mq_poly_montymul_ntt
                0x00000000       0x5e objdir/vrfy.o
 .text.mq_poly_sub
                0x00000000       0x5e objdir/vrfy.o
 .text.falcon_inner_to_ntt_monty
                0x00000000       0x22 objdir/vrfy.o
 .text.falcon_inner_verify_raw
                0x00000000       0xd8 objdir/vrfy.o
 .text.falcon_inner_compute_public
                0x00000000       0xde objdir/vrfy.o
 .text.falcon_inner_complete_private
                0x00000000      0x190 objdir/vrfy.o
 .text.falcon_inner_is_invertible
                0x00000000       0x9e objdir/vrfy.o
 .text.falcon_inner_verify_recover
                0x00000000      0x130 objdir/vrfy.o
 .text.falcon_inner_count_nttzero
                0x00000000       0x9e objdir/vrfy.o
 .debug_info    0x00000000      0xdf7 objdir/vrfy.o
 .debug_abbrev  0x00000000      0x195 objdir/vrfy.o
 .debug_loc     0x00000000      0x632 objdir/vrfy.o
 .debug_aranges
                0x00000000       0xb0 objdir/vrfy.o
 .debug_ranges  0x00000000       0xa0 objdir/vrfy.o
 .debug_line    0x00000000      0xb50 objdir/vrfy.o
 .debug_str     0x00000000      0x45d objdir/vrfy.o
 .comment       0x00000000       0x4e objdir/vrfy.o
 .debug_frame   0x00000000      0x2d4 objdir/vrfy.o
 .ARM.attributes
                0x00000000       0x2e objdir/vrfy.o
 .text          0x00000000        0x0 objdir/simpleserial.o
 .text.ss_crc   0x00000000       0x6e objdir/simpleserial.o
 .text          0x00000000        0x0 objdir/stm32f3_hal.o
 .data          0x00000000        0x0 objdir/stm32f3_hal.o
 .text.change_err_led
                0x00000000       0x34 objdir/stm32f3_hal.o
 .text.change_ok_led
                0x00000000       0x34 objdir/stm32f3_hal.o
 .text          0x00000000        0x0 objdir/stm32f3_hal_lowlevel.o
 .data          0x00000000        0x4 objdir/stm32f3_hal_lowlevel.o
 .text.NVIC_GetPriorityGrouping
                0x00000000       0x1c objdir/stm32f3_hal_lowlevel.o
 .text.NVIC_SetPriority
                0x00000000       0x54 objdir/stm32f3_hal_lowlevel.o
 .text.NVIC_EncodePriority
                0x00000000       0x64 objdir/stm32f3_hal_lowlevel.o
 .text.HAL_NVIC_SetPriority
                0x00000000       0x38 objdir/stm32f3_hal_lowlevel.o
 .text.HAL_InitTick
                0x00000000       0x20 objdir/stm32f3_hal_lowlevel.o
 .text.HAL_IncTick
                0x00000000        0xc objdir/stm32f3_hal_lowlevel.o
 .text          0x00000000        0x0 objdir/stm32f3_sysmem.o
 .data          0x00000000        0x0 objdir/stm32f3_sysmem.o
 .bss           0x00000000        0x4 objdir/stm32f3_sysmem.o
 .text._sbrk    0x00000000       0x58 objdir/stm32f3_sysmem.o
 .debug_info    0x00000000       0xf4 objdir/stm32f3_sysmem.o
 .debug_abbrev  0x00000000       0xa9 objdir/stm32f3_sysmem.o
 .debug_loc     0x00000000       0x50 objdir/stm32f3_sysmem.o
 .debug_aranges
                0x00000000       0x20 objdir/stm32f3_sysmem.o
 .debug_ranges  0x00000000       0x10 objdir/stm32f3_sysmem.o
 .debug_line    0x00000000       0xff objdir/stm32f3_sysmem.o
 .debug_str     0x00000000      0x1e1 objdir/stm32f3_sysmem.o
 .comment       0x00000000       0x4e objdir/stm32f3_sysmem.o
 .debug_frame   0x00000000       0x34 objdir/stm32f3_sysmem.o
 .ARM.attributes
                0x00000000       0x2e objdir/stm32f3_sysmem.o
 .text          0x00000000       0x14 objdir/stm32f3_startup.o
 .data          0x00000000        0x0 objdir/stm32f3_startup.o
 .bss           0x00000000        0x0 objdir/stm32f3_startup.o
 .text          0x00000000        0x0 c:/users/user/chipwhisperer5_64/cw/home/portable/armgcc/gcc-arm-none-eabi-10-2020-q4-major/bin/../lib/gcc/arm-none-eabi/10.2.1/../../../../arm-none-eabi/lib/thumb/v7e-m/nofp\libg_nano.a(lib_a-errno.o)
 .data          0x00000000        0x0 c:/users/user/chipwhisperer5_64/cw/home/portable/armgcc/gcc-arm-none-eabi-10-2020-q4-major/bin/../lib/gcc/arm-none-eabi/10.2.1/../../../../arm-none-eabi/lib/thumb/v7e-m/nofp\libg_nano.a(lib_a-errno.o)
 .bss           0x00000000        0x0 c:/users/user/chipwhisperer5_64/cw/home/portable/armgcc/gcc-arm-none-eabi-10-2020-q4-major/bin/../lib/gcc/arm-none-eabi/10.2.1/../../../../arm-none-eabi/lib/thumb/v7e-m/nofp\libg_nano.a(lib_a-errno.o)
 .text.__errno  0x00000000        0xc c:/users/user/chipwhisperer5_64/cw/home/portable/armgcc/gcc-arm-none-eabi-10-2020-q4-major/bin/../lib/gcc/arm-none-eabi/10.2.1/../../../../arm-none-eabi/lib/thumb/v7e-m/nofp\libg_nano.a(lib_a-errno.o)
 .debug_frame   0x00000000       0x20 c:/users/user/chipwhisperer5_64/cw/home/portable/armgcc/gcc-arm-none-eabi-10-2020-q4-major/bin/../lib/gcc/arm-none-eabi/10.2.1/../../../../arm-none-eabi/lib/thumb/v7e-m/nofp\libg_nano.a(lib_a-errno.o)
 .ARM.attributes
                0x00000000       0x2e c:/users/user/chipwhisperer5_64/cw/home/portable/armgcc/gcc-arm-none-eabi-10-2020-q4-major/bin/../lib/gcc/arm-none-eabi/10.2.1/../../../../arm-none-eabi/lib/thumb/v7e-m/nofp\libg_nano.a(lib_a-errno.o)
 .text          0x00000000        0x0 c:/users/user/chipwhisperer5_64/cw/home/portable/armgcc/gcc-arm-none-eabi-10-2020-q4-major/bin/../lib/gcc/arm-none-eabi/10.2.1/../../../../arm-none-eabi/lib/thumb/v7e-m/nofp\libg_nano.a(lib_a-exit.o)
 .data          0x00000000        0x0 c:/users/user/chipwhisperer5_64/cw/home/portable/armgcc/gcc-arm-none-eabi-10-2020-q4-major/bin/../lib/gcc/arm-none-eabi/10.2.1/../../../../arm-none-eabi/lib/thumb/v7e-m/nofp\libg_nano.a(lib_a-exit.o)
 .bss           0x00000000        0x0 c:/users/user/chipwhisperer5_64/cw/home/portable/armgcc/gcc-arm-none-eabi-10-2020-q4-major/bin/../lib/gcc/arm-none-eabi/10.2.1/../../../../arm-none-eabi/lib/thumb/v7e-m/nofp\libg_nano.a(lib_a-exit.o)
 .text.exit     0x00000000       0x28 c:/users/user/chipwhisperer5_64/cw/home/portable/armgcc/gcc-arm-none-eabi-10-2020-q4-major/bin/../lib/gcc/arm-none-eabi/10.2.1/../../../../arm-none-eabi/lib/thumb/v7e-m/nofp\libg_nano.a(lib_a-exit.o)
 .debug_frame   0x00000000       0x28 c:/users/user/chipwhisperer5_64/cw/home/portable/armgcc/gcc-arm-none-eabi-10-2020-q4-major/bin/../lib/gcc/arm-none-eabi/10.2.1/../../../../arm-none-eabi/lib/thumb/v7e-m/nofp\libg_nano.a(lib_a-exit.o)
 .ARM.attributes
                0x00000000       0x2e c:/users/user/chipwhisperer5_64/cw/home/portable/armgcc/gcc-arm-none-eabi-10-2020-q4-major/bin/../lib/gcc/arm-none-eabi/10.2.1/../../../../arm-none-eabi/lib/thumb/v7e-m/nofp\libg_nano.a(lib_a-exit.o)
 .text          0x00000000        0x0 c:/users/user/chipwhisperer5_64/cw/home/portable/armgcc/gcc-arm-none-eabi-10-2020-q4-major/bin/../lib/gcc/arm-none-eabi/10.2.1/../../../../arm-none-eabi/lib/thumb/v7e-m/nofp\libg_nano.a(lib_a-impure.o)
 .data          0x00000000        0x0 c:/users/user/chipwhisperer5_64/cw/home/portable/armgcc/gcc-arm-none-eabi-10-2020-q4-major/bin/../lib/gcc/arm-none-eabi/10.2.1/../../../../arm-none-eabi/lib/thumb/v7e-m/nofp\libg_nano.a(lib_a-impure.o)
 .bss           0x00000000        0x0 c:/users/user/chipwhisperer5_64/cw/home/portable/armgcc/gcc-arm-none-eabi-10-2020-q4-major/bin/../lib/gcc/arm-none-eabi/10.2.1/../../../../arm-none-eabi/lib/thumb/v7e-m/nofp\libg_nano.a(lib_a-impure.o)
 .data._impure_ptr
                0x00000000        0x4 c:/users/user/chipwhisperer5_64/cw/home/portable/armgcc/gcc-arm-none-eabi-10-2020-q4-major/bin/../lib/gcc/arm-none-eabi/10.2.1/../../../../arm-none-eabi/lib/thumb/v7e-m/nofp\libg_nano.a(lib_a-impure.o)
 .data.impure_data
                0x00000000       0x60 c:/users/user/chipwhisperer5_64/cw/home/portable/armgcc/gcc-arm-none-eabi-10-2020-q4-major/bin/../lib/gcc/arm-none-eabi/10.2.1/../../../../arm-none-eabi/lib/thumb/v7e-m/nofp\libg_nano.a(lib_a-impure.o)
 .rodata._global_impure_ptr
                0x00000000        0x4 c:/users/user/chipwhisperer5_64/cw/home/portable/armgcc/gcc-arm-none-eabi-10-2020-q4-major/bin/../lib/gcc/arm-none-eabi/10.2.1/../../../../arm-none-eabi/lib/thumb/v7e-m/nofp\libg_nano.a(lib_a-impure.o)
 .ARM.attributes
                0x00000000       0x2e c:/users/user/chipwhisperer5_64/cw/home/portable/armgcc/gcc-arm-none-eabi-10-2020-q4-major/bin/../lib/gcc/arm-none-eabi/10.2.1/../../../../arm-none-eabi/lib/thumb/v7e-m/nofp\libg_nano.a(lib_a-impure.o)
 .text          0x00000000        0x0 c:/users/user/chipwhisperer5_64/cw/home/portable/armgcc/gcc-arm-none-eabi-10-2020-q4-major/bin/../lib/gcc/arm-none-eabi/10.2.1/../../../../arm-none-eabi/lib/thumb/v7e-m/nofp\libg_nano.a(lib_a-init.o)
 .data          0x00000000        0x0 c:/users/user/chipwhisperer5_64/cw/home/portable/armgcc/gcc-arm-none-eabi-10-2020-q4-major/bin/../lib/gcc/arm-none-eabi/10.2.1/../../../../arm-none-eabi/lib/thumb/v7e-m/nofp\libg_nano.a(lib_a-init.o)
 .bss           0x00000000        0x0 c:/users/user/chipwhisperer5_64/cw/home/portable/armgcc/gcc-arm-none-eabi-10-2020-q4-major/bin/../lib/gcc/arm-none-eabi/10.2.1/../../../../arm-none-eabi/lib/thumb/v7e-m/nofp\libg_nano.a(lib_a-init.o)
 .text          0x00000000        0x0 c:/users/user/chipwhisperer5_64/cw/home/portable/armgcc/gcc-arm-none-eabi-10-2020-q4-major/bin/../lib/gcc/arm-none-eabi/10.2.1/../../../../arm-none-eabi/lib/thumb/v7e-m/nofp\libg_nano.a(lib_a-memcpy-stub.o)
 .data          0x00000000        0x0 c:/users/user/chipwhisperer5_64/cw/home/portable/armgcc/gcc-arm-none-eabi-10-2020-q4-major/bin/../lib/gcc/arm-none-eabi/10.2.1/../../../../arm-none-eabi/lib/thumb/v7e-m/nofp\libg_nano.a(lib_a-memcpy-stub.o)
 .bss           0x00000000        0x0 c:/users/user/chipwhisperer5_64/cw/home/portable/armgcc/gcc-arm-none-eabi-10-2020-q4-major/bin/../lib/gcc/arm-none-eabi/10.2.1/../../../../arm-none-eabi/lib/thumb/v7e-m/nofp\libg_nano.a(lib_a-memcpy-stub.o)
 .text.memcpy   0x00000000       0x1c c:/users/user/chipwhisperer5_64/cw/home/portable/armgcc/gcc-arm-none-eabi-10-2020-q4-major/bin/../lib/gcc/arm-none-eabi/10.2.1/../../../../arm-none-eabi/lib/thumb/v7e-m/nofp\libg_nano.a(lib_a-memcpy-stub.o)
 .debug_frame   0x00000000       0x28 c:/users/user/chipwhisperer5_64/cw/home/portable/armgcc/gcc-arm-none-eabi-10-2020-q4-major/bin/../lib/gcc/arm-none-eabi/10.2.1/../../../../arm-none-eabi/lib/thumb/v7e-m/nofp\libg_nano.a(lib_a-memcpy-stub.o)
 .ARM.attributes
                0x00000000       0x2e c:/users/user/chipwhisperer5_64/cw/home/portable/armgcc/gcc-arm-none-eabi-10-2020-q4-major/bin/../lib/gcc/arm-none-eabi/10.2.1/../../../../arm-none-eabi/lib/thumb/v7e-m/nofp\libg_nano.a(lib_a-memcpy-stub.o)
 .text          0x00000000        0x0 c:/users/user/chipwhisperer5_64/cw/home/portable/armgcc/gcc-arm-none-eabi-10-2020-q4-major/bin/../lib/gcc/arm-none-eabi/10.2.1/../../../../arm-none-eabi/lib/thumb/v7e-m/nofp\libg_nano.a(lib_a-memmove.o)
 .data          0x00000000        0x0 c:/users/user/chipwhisperer5_64/cw/home/portable/armgcc/gcc-arm-none-eabi-10-2020-q4-major/bin/../lib/gcc/arm-none-eabi/10.2.1/../../../../arm-none-eabi/lib/thumb/v7e-m/nofp\libg_nano.a(lib_a-memmove.o)
 .bss           0x00000000        0x0 c:/users/user/chipwhisperer5_64/cw/home/portable/armgcc/gcc-arm-none-eabi-10-2020-q4-major/bin/../lib/gcc/arm-none-eabi/10.2.1/../../../../arm-none-eabi/lib/thumb/v7e-m/nofp\libg_nano.a(lib_a-memmove.o)
 .text.memmove  0x00000000       0x34 c:/users/user/chipwhisperer5_64/cw/home/portable/armgcc/gcc-arm-none-eabi-10-2020-q4-major/bin/../lib/gcc/arm-none-eabi/10.2.1/../../../../arm-none-eabi/lib/thumb/v7e-m/nofp\libg_nano.a(lib_a-memmove.o)
 .debug_frame   0x00000000       0x28 c:/users/user/chipwhisperer5_64/cw/home/portable/armgcc/gcc-arm-none-eabi-10-2020-q4-major/bin/../lib/gcc/arm-none-eabi/10.2.1/../../../../arm-none-eabi/lib/thumb/v7e-m/nofp\libg_nano.a(lib_a-memmove.o)
 .ARM.attributes
                0x00000000       0x2e c:/users/user/chipwhisperer5_64/cw/home/portable/armgcc/gcc-arm-none-eabi-10-2020-q4-major/bin/../lib/gcc/arm-none-eabi/10.2.1/../../../../arm-none-eabi/lib/thumb/v7e-m/nofp\libg_nano.a(lib_a-memmove.o)
 .text          0x00000000        0x0 c:/users/user/chipwhisperer5_64/cw/home/portable/armgcc/gcc-arm-none-eabi-10-2020-q4-major/bin/../lib/gcc/arm-none-eabi/10.2.1/../../../../arm-none-eabi/lib/thumb/v7e-m/nofp\libg_nano.a(lib_a-memset.o)
 .data          0x00000000        0x0 c:/users/user/chipwhisperer5_64/cw/home/portable/armgcc/gcc-arm-none-eabi-10-2020-q4-major/bin/../lib/gcc/arm-none-eabi/10.2.1/../../../../arm-none-eabi/lib/thumb/v7e-m/nofp\libg_nano.a(lib_a-memset.o)
 .bss           0x00000000        0x0 c:/users/user/chipwhisperer5_64/cw/home/portable/armgcc/gcc-arm-none-eabi-10-2020-q4-major/bin/../lib/gcc/arm-none-eabi/10.2.1/../../../../arm-none-eabi/lib/thumb/v7e-m/nofp\libg_nano.a(lib_a-memset.o)
 .text.memset   0x00000000       0x10 c:/users/user/chipwhisperer5_64/cw/home/portable/armgcc/gcc-arm-none-eabi-10-2020-q4-major/bin/../lib/gcc/arm-none-eabi/10.2.1/../../../../arm-none-eabi/lib/thumb/v7e-m/nofp\libg_nano.a(lib_a-memset.o)
 .debug_frame   0x00000000       0x20 c:/users/user/chipwhisperer5_64/cw/home/portable/armgcc/gcc-arm-none-eabi-10-2020-q4-major/bin/../lib/gcc/arm-none-eabi/10.2.1/../../../../arm-none-eabi/lib/thumb/v7e-m/nofp\libg_nano.a(lib_a-memset.o)
 .ARM.attributes
                0x00000000       0x2e c:/users/user/chipwhisperer5_64/cw/home/portable/armgcc/gcc-arm-none-eabi-10-2020-q4-major/bin/../lib/gcc/arm-none-eabi/10.2.1/../../../../arm-none-eabi/lib/thumb/v7e-m/nofp\libg_nano.a(lib_a-memset.o)
 .text          0x00000000        0x0 c:/users/user/chipwhisperer5_64/cw/home/portable/armgcc/gcc-arm-none-eabi-10-2020-q4-major/bin/../lib/gcc/arm-none-eabi/10.2.1/../../../../arm-none-eabi/lib/thumb/v7e-m/nofp\libnosys.a(_exit.o)
 .data          0x00000000        0x0 c:/users/user/chipwhisperer5_64/cw/home/portable/armgcc/gcc-arm-none-eabi-10-2020-q4-major/bin/../lib/gcc/arm-none-eabi/10.2.1/../../../../arm-none-eabi/lib/thumb/v7e-m/nofp\libnosys.a(_exit.o)
 .bss           0x00000000        0x0 c:/users/user/chipwhisperer5_64/cw/home/portable/armgcc/gcc-arm-none-eabi-10-2020-q4-major/bin/../lib/gcc/arm-none-eabi/10.2.1/../../../../arm-none-eabi/lib/thumb/v7e-m/nofp\libnosys.a(_exit.o)
 .text._exit    0x00000000        0x4 c:/users/user/chipwhisperer5_64/cw/home/portable/armgcc/gcc-arm-none-eabi-10-2020-q4-major/bin/../lib/gcc/arm-none-eabi/10.2.1/../../../../arm-none-eabi/lib/thumb/v7e-m/nofp\libnosys.a(_exit.o)
 .debug_frame   0x00000000       0x20 c:/users/user/chipwhisperer5_64/cw/home/portable/armgcc/gcc-arm-none-eabi-10-2020-q4-major/bin/../lib/gcc/arm-none-eabi/10.2.1/../../../../arm-none-eabi/lib/thumb/v7e-m/nofp\libnosys.a(_exit.o)
 .ARM.attributes
                0x00000000       0x2e c:/users/user/chipwhisperer5_64/cw/home/portable/armgcc/gcc-arm-none-eabi-10-2020-q4-major/bin/../lib/gcc/arm-none-eabi/10.2.1/../../../../arm-none-eabi/lib/thumb/v7e-m/nofp\libnosys.a(_exit.o)
 .text          0x00000000        0x0 c:/users/user/chipwhisperer5_64/cw/home/portable/armgcc/gcc-arm-none-eabi-10-2020-q4-major/bin/../lib/gcc/arm-none-eabi/10.2.1/thumb/v7e-m/nofp/crtend.o
 .data          0x00000000        0x0 c:/users/user/chipwhisperer5_64/cw/home/portable/armgcc/gcc-arm-none-eabi-10-2020-q4-major/bin/../lib/gcc/arm-none-eabi/10.2.1/thumb/v7e-m/nofp/crtend.o
 .bss           0x00000000        0x0 c:/users/user/chipwhisperer5_64/cw/home/portable/armgcc/gcc-arm-none-eabi-10-2020-q4-major/bin/../lib/gcc/arm-none-eabi/10.2.1/thumb/v7e-m/nofp/crtend.o
 .rodata        0x00000000       0x24 c:/users/user/chipwhisperer5_64/cw/home/portable/armgcc/gcc-arm-none-eabi-10-2020-q4-major/bin/../lib/gcc/arm-none-eabi/10.2.1/thumb/v7e-m/nofp/crtend.o
 .eh_frame      0x00000000        0x4 c:/users/user/chipwhisperer5_64/cw/home/portable/armgcc/gcc-arm-none-eabi-10-2020-q4-major/bin/../lib/gcc/arm-none-eabi/10.2.1/thumb/v7e-m/nofp/crtend.o
 .ARM.attributes
                0x00000000       0x2e c:/users/user/chipwhisperer5_64/cw/home/portable/armgcc/gcc-arm-none-eabi-10-2020-q4-major/bin/../lib/gcc/arm-none-eabi/10.2.1/thumb/v7e-m/nofp/crtend.o
 .text          0x00000000        0x0 c:/users/user/chipwhisperer5_64/cw/home/portable/armgcc/gcc-arm-none-eabi-10-2020-q4-major/bin/../lib/gcc/arm-none-eabi/10.2.1/thumb/v7e-m/nofp/crtn.o
 .data          0x00000000        0x0 c:/users/user/chipwhisperer5_64/cw/home/portable/armgcc/gcc-arm-none-eabi-10-2020-q4-major/bin/../lib/gcc/arm-none-eabi/10.2.1/thumb/v7e-m/nofp/crtn.o
 .bss           0x00000000        0x0 c:/users/user/chipwhisperer5_64/cw/home/portable/armgcc/gcc-arm-none-eabi-10-2020-q4-major/bin/../lib/gcc/arm-none-eabi/10.2.1/thumb/v7e-m/nofp/crtn.o

Memory Configuration

Name             Origin             Length             Attributes
RAM              0x20000000         0x00003000         xrw
ROM              0x08000000         0x00010000         xr
*default*        0x00000000         0xffffffff

Linker script and memory map

LOAD c:/users/user/chipwhisperer5_64/cw/home/portable/armgcc/gcc-arm-none-eabi-10-2020-q4-major/bin/../lib/gcc/arm-none-eabi/10.2.1/thumb/v7e-m/nofp/crti.o
LOAD c:/users/user/chipwhisperer5_64/cw/home/portable/armgcc/gcc-arm-none-eabi-10-2020-q4-major/bin/../lib/gcc/arm-none-eabi/10.2.1/thumb/v7e-m/nofp/crtbegin.o
LOAD c:/users/user/chipwhisperer5_64/cw/home/portable/armgcc/gcc-arm-none-eabi-10-2020-q4-major/bin/../lib/gcc/arm-none-eabi/10.2.1/../../../../arm-none-eabi/lib/thumb/v7e-m/nofp/crt0.o
LOAD objdir/main.o
LOAD objdir/api.o
LOAD objdir/codec.o
LOAD objdir/common.o
LOAD objdir/fft.o
LOAD objdir/fpr.o
LOAD objdir/katrng.o
LOAD objdir/keygen.o
LOAD objdir/nist.o
LOAD objdir/rng.o
LOAD objdir/shake.o
LOAD objdir/sign.o
LOAD objdir/vrfy.o
LOAD objdir/simpleserial.o
LOAD objdir/stm32f3_hal.o
LOAD objdir/stm32f3_hal_lowlevel.o
LOAD objdir/stm32f3_sysmem.o
LOAD objdir/stm32f3_startup.o
LOAD c:/users/user/chipwhisperer5_64/cw/home/portable/armgcc/gcc-arm-none-eabi-10-2020-q4-major/bin/../lib/gcc/arm-none-eabi/10.2.1/../../../../arm-none-eabi/lib/thumb/v7e-m/nofp\libm.a
LOAD c:/users/user/chipwhisperer5_64/cw/home/portable/armgcc/gcc-arm-none-eabi-10-2020-q4-major/bin/../lib/gcc/arm-none-eabi/10.2.1/../../../../arm-none-eabi/lib/thumb/v7e-m/nofp\libm.a
START GROUP
LOAD c:/users/user/chipwhisperer5_64/cw/home/portable/armgcc/gcc-arm-none-eabi-10-2020-q4-major/bin/../lib/gcc/arm-none-eabi/10.2.1/thumb/v7e-m/nofp\libgcc.a
LOAD c:/users/user/chipwhisperer5_64/cw/home/portable/armgcc/gcc-arm-none-eabi-10-2020-q4-major/bin/../lib/gcc/arm-none-eabi/10.2.1/../../../../arm-none-eabi/lib/thumb/v7e-m/nofp\libg_nano.a
LOAD c:/users/user/chipwhisperer5_64/cw/home/portable/armgcc/gcc-arm-none-eabi-10-2020-q4-major/bin/../lib/gcc/arm-none-eabi/10.2.1/../../../../arm-none-eabi/lib/thumb/v7e-m/nofp\libc_nano.a
END GROUP
START GROUP
LOAD c:/users/user/chipwhisperer5_64/cw/home/portable/armgcc/gcc-arm-none-eabi-10-2020-q4-major/bin/../lib/gcc/arm-none-eabi/10.2.1/thumb/v7e-m/nofp\libgcc.a
LOAD c:/users/user/chipwhisperer5_64/cw/home/portable/armgcc/gcc-arm-none-eabi-10-2020-q4-major/bin/../lib/gcc/arm-none-eabi/10.2.1/../../../../arm-none-eabi/lib/thumb/v7e-m/nofp\libc_nano.a
LOAD c:/users/user/chipwhisperer5_64/cw/home/portable/armgcc/gcc-arm-none-eabi-10-2020-q4-major/bin/../lib/gcc/arm-none-eabi/10.2.1/../../../../arm-none-eabi/lib/thumb/v7e-m/nofp\libnosys.a
END GROUP
START GROUP
LOAD c:/users/user/chipwhisperer5_64/cw/home/portable/armgcc/gcc-arm-none-eabi-10-2020-q4-major/bin/../lib/gcc/arm-none-eabi/10.2.1/thumb/v7e-m/nofp\libgcc.a
LOAD c:/users/user/chipwhisperer5_64/cw/home/portable/armgcc/gcc-arm-none-eabi-10-2020-q4-major/bin/../lib/gcc/arm-none-eabi/10.2.1/../../../../arm-none-eabi/lib/thumb/v7e-m/nofp\libc_nano.a
LOAD c:/users/user/chipwhisperer5_64/cw/home/portable/armgcc/gcc-arm-none-eabi-10-2020-q4-major/bin/../lib/gcc/arm-none-eabi/10.2.1/../../../../arm-none-eabi/lib/thumb/v7e-m/nofp\libnosys.a
END GROUP
LOAD c:/users/user/chipwhisperer5_64/cw/home/portable/armgcc/gcc-arm-none-eabi-10-2020-q4-major/bin/../lib/gcc/arm-none-eabi/10.2.1/thumb/v7e-m/nofp/crtend.o
LOAD c:/users/user/chipwhisperer5_64/cw/home/portable/armgcc/gcc-arm-none-eabi-10-2020-q4-major/bin/../lib/gcc/arm-none-eabi/10.2.1/thumb/v7e-m/nofp/crtn.o
                0x20003000                _estack = 0x20003000
                0x00000000                _Min_Heap_Size = 0x0
                0x00000400                _Min_Stack_Size = 0x400

.isr_vector     0x08000000      0x188
                0x08000000                . = ALIGN (0x4)
 *(.isr_vector)
 .isr_vector    0x08000000      0x188 objdir/stm32f3_startup.o
                0x08000000                g_pfnVectors
                0x08000188                . = ALIGN (0x4)

.text           0x08000188     0x29d4
                0x08000188                . = ALIGN (0x4)
 *(.text)
 .text          0x08000188       0x40 c:/users/user/chipwhisperer5_64/cw/home/portable/armgcc/gcc-arm-none-eabi-10-2020-q4-major/bin/../lib/gcc/arm-none-eabi/10.2.1/thumb/v7e-m/nofp/crtbegin.o
 *(.text*)
 .text.transform
                0x080001c8       0x78 objdir/main.o
                0x080001c8                transform
 .text.set_f    0x08000240       0x2c objdir/main.o
                0x08000240                set_f
 .text.sign     0x0800026c       0xc0 objdir/main.o
                0x0800026c                sign
 .text.check_f  0x0800032c       0x70 objdir/main.o
                0x0800032c                check_f
 .text.check_hm
                0x0800039c       0x70 objdir/main.o
                0x0800039c                check_hm
 .text.main     0x0800040c       0x54 objdir/main.o
                0x0800040c                main
 .text.check_version
                0x08000460       0x18 objdir/simpleserial.o
                0x08000460                check_version
 .text.ss_num_commands
                0x08000478       0x30 objdir/simpleserial.o
                0x08000478                ss_num_commands
 .text.ss_get_commands
                0x080004a8       0xc4 objdir/simpleserial.o
                0x080004a8                ss_get_commands
 .text.hex_decode
                0x0800056c      0x130 objdir/simpleserial.o
                0x0800056c                hex_decode
 .text.simpleserial_init
                0x0800069c       0x34 objdir/simpleserial.o
                0x0800069c                simpleserial_init
 .text.simpleserial_addcmd
                0x080006d0       0x24 objdir/simpleserial.o
                0x080006d0                simpleserial_addcmd
 .text.simpleserial_addcmd_flags
                0x080006f4       0x88 objdir/simpleserial.o
                0x080006f4                simpleserial_addcmd_flags
 .text.simpleserial_get
                0x0800077c      0x1c4 objdir/simpleserial.o
                0x0800077c                simpleserial_get
 .text.simpleserial_put
                0x08000940       0x6c objdir/simpleserial.o
                0x08000940                simpleserial_put
 .text.platform_init
                0x080009ac       0xa4 objdir/stm32f3_hal.o
                0x080009ac                platform_init
 .text.init_uart
                0x08000a50       0xa0 objdir/stm32f3_hal.o
                0x08000a50                init_uart
 .text.trigger_setup
                0x08000af0       0x58 objdir/stm32f3_hal.o
                0x08000af0                trigger_setup
 .text.trigger_high
                0x08000b48       0x16 objdir/stm32f3_hal.o
                0x08000b48                trigger_high
 .text.trigger_low
                0x08000b5e       0x16 objdir/stm32f3_hal.o
                0x08000b5e                trigger_low
 .text.getch    0x08000b74       0x3c objdir/stm32f3_hal.o
                0x08000b74                getch
 .text.putch    0x08000bb0       0x2c objdir/stm32f3_hal.o
                0x08000bb0                putch
 .text.HAL_GetTick
                0x08000bdc       0x1c objdir/stm32f3_hal_lowlevel.o
                0x08000bdc                HAL_GetTick
 .text.HAL_RCC_GetSysClockFreq
                0x08000bf8       0x10 objdir/stm32f3_hal_lowlevel.o
                0x08000bf8                HAL_RCC_GetSysClockFreq
 .text.HAL_RCC_GetPCLK1Freq
                0x08000c08       0x10 objdir/stm32f3_hal_lowlevel.o
                0x08000c08                HAL_RCC_GetPCLK1Freq
 .text.HAL_RCC_OscConfig
                0x08000c18     0x1020 objdir/stm32f3_hal_lowlevel.o
                0x08000c18                HAL_RCC_OscConfig
 .text.HAL_RCC_ClockConfig
                0x08001c38      0x304 objdir/stm32f3_hal_lowlevel.o
                0x08001c38                HAL_RCC_ClockConfig
 .text.HAL_RCC_GetPCLK2Freq
                0x08001f3c       0x10 objdir/stm32f3_hal_lowlevel.o
                0x08001f3c                HAL_RCC_GetPCLK2Freq
 .text.HAL_GPIO_Init
                0x08001f4c      0x2fc objdir/stm32f3_hal_lowlevel.o
                0x08001f4c                HAL_GPIO_Init
 .text.HAL_GPIO_WritePin
                0x08002248       0x2e objdir/stm32f3_hal_lowlevel.o
                0x08002248                HAL_GPIO_WritePin
 *fill*         0x08002276        0x2 
 .text.UART_SetConfig
                0x08002278      0x400 objdir/stm32f3_hal_lowlevel.o
                0x08002278                UART_SetConfig
 .text.UART_CheckIdleState
                0x08002678       0x92 objdir/stm32f3_hal_lowlevel.o
                0x08002678                UART_CheckIdleState
 .text.HAL_UART_Init
                0x0800270a       0x8e objdir/stm32f3_hal_lowlevel.o
                0x0800270a                HAL_UART_Init
 .text.UART_WaitOnFlagUntilTimeout
                0x08002798       0x94 objdir/stm32f3_hal_lowlevel.o
                0x08002798                UART_WaitOnFlagUntilTimeout
 .text.HAL_UART_Transmit
                0x0800282c      0x11a objdir/stm32f3_hal_lowlevel.o
                0x0800282c                HAL_UART_Transmit
 .text.HAL_UART_Receive
                0x08002946      0x16a objdir/stm32f3_hal_lowlevel.o
                0x08002946                HAL_UART_Receive
 .text.Reset_Handler
                0x08002ab0       0x48 objdir/stm32f3_startup.o
                0x08002ab0                Reset_Handler
 .text.Default_Handler
                0x08002af8        0x2 objdir/stm32f3_startup.o
                0x08002af8                DebugMon_Handler
                0x08002af8                HardFault_Handler
                0x08002af8                SysTick_Handler
                0x08002af8                PendSV_Handler
                0x08002af8                NMI_Handler
                0x08002af8                UsageFault_Handler
                0x08002af8                Default_Handler
                0x08002af8                MemManage_Handler
                0x08002af8                SVC_Handler
                0x08002af8                BusFault_Handler
 *fill*         0x08002afa        0x2 
 .text.__libc_init_array
                0x08002afc       0x48 c:/users/user/chipwhisperer5_64/cw/home/portable/armgcc/gcc-arm-none-eabi-10-2020-q4-major/bin/../lib/gcc/arm-none-eabi/10.2.1/../../../../arm-none-eabi/lib/thumb/v7e-m/nofp\libg_nano.a(lib_a-init.o)
                0x08002afc                __libc_init_array
 *(.glue_7)
 .glue_7        0x08002b44        0x0 linker stubs
 *(.glue_7t)
 .glue_7t       0x08002b44        0x0 linker stubs
 *(.eh_frame)
 .eh_frame      0x08002b44        0x0 c:/users/user/chipwhisperer5_64/cw/home/portable/armgcc/gcc-arm-none-eabi-10-2020-q4-major/bin/../lib/gcc/arm-none-eabi/10.2.1/thumb/v7e-m/nofp/crtbegin.o
 *(.init)
 .init          0x08002b44        0x4 c:/users/user/chipwhisperer5_64/cw/home/portable/armgcc/gcc-arm-none-eabi-10-2020-q4-major/bin/../lib/gcc/arm-none-eabi/10.2.1/thumb/v7e-m/nofp/crti.o
                0x08002b44                _init
 .init          0x08002b48        0x8 c:/users/user/chipwhisperer5_64/cw/home/portable/armgcc/gcc-arm-none-eabi-10-2020-q4-major/bin/../lib/gcc/arm-none-eabi/10.2.1/thumb/v7e-m/nofp/crtn.o
 *(.fini)
 .fini          0x08002b50        0x4 c:/users/user/chipwhisperer5_64/cw/home/portable/armgcc/gcc-arm-none-eabi-10-2020-q4-major/bin/../lib/gcc/arm-none-eabi/10.2.1/thumb/v7e-m/nofp/crti.o
                0x08002b50                _fini
 .fini          0x08002b54        0x8 c:/users/user/chipwhisperer5_64/cw/home/portable/armgcc/gcc-arm-none-eabi-10-2020-q4-major/bin/../lib/gcc/arm-none-eabi/10.2.1/thumb/v7e-m/nofp/crtn.o
                0x08002b5c                . = ALIGN (0x4)
                0x08002b5c                _etext = .

.vfp11_veneer   0x08002b5c        0x0
 .vfp11_veneer  0x08002b5c        0x0 linker stubs

.v4_bx          0x08002b5c        0x0
 .v4_bx         0x08002b5c        0x0 linker stubs

.iplt           0x08002b5c        0x0
 .iplt          0x08002b5c        0x0 c:/users/user/chipwhisperer5_64/cw/home/portable/armgcc/gcc-arm-none-eabi-10-2020-q4-major/bin/../lib/gcc/arm-none-eabi/10.2.1/thumb/v7e-m/nofp/crtbegin.o

.rel.dyn        0x08002b5c        0x0
 .rel.iplt      0x08002b5c        0x0 c:/users/user/chipwhisperer5_64/cw/home/portable/armgcc/gcc-arm-none-eabi-10-2020-q4-major/bin/../lib/gcc/arm-none-eabi/10.2.1/thumb/v7e-m/nofp/crtbegin.o

.rodata         0x08002b5c        0x0
                0x08002b5c                . = ALIGN (0x4)
 *(.rodata)
 *(.rodata*)
                0x08002b5c                . = ALIGN (0x4)

.ARM.extab      0x08002b5c        0x0
                0x08002b5c                . = ALIGN (0x4)
 *(.ARM.extab* .gnu.linkonce.armextab.*)
                0x08002b5c                . = ALIGN (0x4)

.ARM            0x08002b5c        0x0
                0x08002b5c                . = ALIGN (0x4)
                0x08002b5c                __exidx_start = .
 *(.ARM.exidx*)
                0x08002b5c                __exidx_end = .
                0x08002b5c                . = ALIGN (0x4)

.preinit_array  0x08002b5c        0x0
                0x08002b5c                . = ALIGN (0x4)
                0x08002b5c                PROVIDE (__preinit_array_start = .)
 *(.preinit_array*)
                0x08002b5c                PROVIDE (__preinit_array_end = .)
                0x08002b5c                . = ALIGN (0x4)

.init_array     0x08002b5c        0x4
                0x08002b5c                . = ALIGN (0x4)
                0x08002b5c                PROVIDE (__init_array_start = .)
 *(SORT_BY_NAME(.init_array.*))
 *(.init_array*)
 .init_array    0x08002b5c        0x4 c:/users/user/chipwhisperer5_64/cw/home/portable/armgcc/gcc-arm-none-eabi-10-2020-q4-major/bin/../lib/gcc/arm-none-eabi/10.2.1/thumb/v7e-m/nofp/crtbegin.o
                0x08002b60                PROVIDE (__init_array_end = .)
                0x08002b60                . = ALIGN (0x4)

.fini_array     0x08002b60        0x4
                0x08002b60                . = ALIGN (0x4)
                [!provide]                PROVIDE (__fini_array_start = .)
 *(SORT_BY_NAME(.fini_array.*))
 *(.fini_array*)
 .fini_array    0x08002b60        0x4 c:/users/user/chipwhisperer5_64/cw/home/portable/armgcc/gcc-arm-none-eabi-10-2020-q4-major/bin/../lib/gcc/arm-none-eabi/10.2.1/thumb/v7e-m/nofp/crtbegin.o
                [!provide]                PROVIDE (__fini_array_end = .)
                0x08002b64                . = ALIGN (0x4)
                0x08002b64                _sidata = LOADADDR (.data)

.data           0x20000000       0x10 load address 0x08002b64
                0x20000000                . = ALIGN (0x4)
                0x20000000                _sdata = .
 *(.data)
 .data          0x20000000       0x10 objdir/simpleserial.o
 *(.data*)
                0x20000010                . = ALIGN (0x4)
                0x20000010                _edata = .

.igot.plt       0x20000010        0x0 load address 0x08002b74
 .igot.plt      0x20000010        0x0 c:/users/user/chipwhisperer5_64/cw/home/portable/armgcc/gcc-arm-none-eabi-10-2020-q4-major/bin/../lib/gcc/arm-none-eabi/10.2.1/thumb/v7e-m/nofp/crtbegin.o
                0x20000010                . = ALIGN (0x4)

.bss            0x20000010      0x1bc load address 0x08002b74
                0x20000010                _sbss = .
                0x20000010                __bss_start__ = _sbss
 *(.bss)
 .bss           0x20000010       0x1c c:/users/user/chipwhisperer5_64/cw/home/portable/armgcc/gcc-arm-none-eabi-10-2020-q4-major/bin/../lib/gcc/arm-none-eabi/10.2.1/thumb/v7e-m/nofp/crtbegin.o
 *fill*         0x2000002c        0x4 
 .bss           0x20000030       0x20 objdir/main.o
                0x20000030                hm
                0x20000038                f
                0x20000040                sm
                0x20000044                smlen
                0x20000048                m
                0x2000004c                sk
 .bss           0x20000050      0x104 objdir/simpleserial.o
 .bss           0x20000154       0x70 objdir/stm32f3_hal.o
                0x20000154                UartHandle
 .bss           0x200001c4        0x8 objdir/stm32f3_hal_lowlevel.o
                0x200001c4                hal_sys_tick
                0x200001c8                uwTick
 *(.bss*)
 *(COMMON)
                0x200001cc                . = ALIGN (0x4)
                0x200001cc                _ebss = .
                0x200001cc                __bss_end__ = _ebss

._user_heap_stack
                0x200001cc      0x404 load address 0x08002b74
                0x200001d0                . = ALIGN (0x8)
 *fill*         0x200001cc        0x4 
                0x200001d0                PROVIDE (end = .)
                [!provide]                PROVIDE (_end = .)
                0x200001d0                . = (. + _Min_Heap_Size)
                0x200005d0                . = (. + _Min_Stack_Size)
 *fill*         0x200001d0      0x400 
                0x200005d0                . = ALIGN (0x8)

/DISCARD/
 libc.a(*)
 libm.a(*)
 libgcc.a(*)

.ARM.attributes
                0x00000000       0x2a
 *(.ARM.attributes)
 .ARM.attributes
                0x00000000       0x1e c:/users/user/chipwhisperer5_64/cw/home/portable/armgcc/gcc-arm-none-eabi-10-2020-q4-major/bin/../lib/gcc/arm-none-eabi/10.2.1/thumb/v7e-m/nofp/crti.o
 .ARM.attributes
                0x0000001e       0x2e c:/users/user/chipwhisperer5_64/cw/home/portable/armgcc/gcc-arm-none-eabi-10-2020-q4-major/bin/../lib/gcc/arm-none-eabi/10.2.1/thumb/v7e-m/nofp/crtbegin.o
 .ARM.attributes
                0x0000004c       0x2e objdir/main.o
 .ARM.attributes
                0x0000007a       0x2e objdir/simpleserial.o
 .ARM.attributes
                0x000000a8       0x2e objdir/stm32f3_hal.o
 .ARM.attributes
                0x000000d6       0x2e objdir/stm32f3_hal_lowlevel.o
 .ARM.attributes
                0x00000104       0x21 objdir/stm32f3_startup.o
 .ARM.attributes
                0x00000125       0x2e c:/users/user/chipwhisperer5_64/cw/home/portable/armgcc/gcc-arm-none-eabi-10-2020-q4-major/bin/../lib/gcc/arm-none-eabi/10.2.1/../../../../arm-none-eabi/lib/thumb/v7e-m/nofp\libg_nano.a(lib_a-init.o)
 .ARM.attributes
                0x00000153       0x1e c:/users/user/chipwhisperer5_64/cw/home/portable/armgcc/gcc-arm-none-eabi-10-2020-q4-major/bin/../lib/gcc/arm-none-eabi/10.2.1/thumb/v7e-m/nofp/crtn.o
OUTPUT(Falcon-CW308_STM32F3.elf elf32-littlearm)
LOAD linker stubs
LOAD c:/users/user/chipwhisperer5_64/cw/home/portable/armgcc/gcc-arm-none-eabi-10-2020-q4-major/bin/../lib/gcc/arm-none-eabi/10.2.1/../../../../arm-none-eabi/lib/thumb/v7e-m/nofp\libc.a
LOAD c:/users/user/chipwhisperer5_64/cw/home/portable/armgcc/gcc-arm-none-eabi-10-2020-q4-major/bin/../lib/gcc/arm-none-eabi/10.2.1/../../../../arm-none-eabi/lib/thumb/v7e-m/nofp\libm.a
LOAD c:/users/user/chipwhisperer5_64/cw/home/portable/armgcc/gcc-arm-none-eabi-10-2020-q4-major/bin/../lib/gcc/arm-none-eabi/10.2.1/thumb/v7e-m/nofp\libgcc.a

.debug_info     0x00000000     0x3bd9
 .debug_info    0x00000000      0x5d2 objdir/main.o
 .debug_info    0x000005d2      0x59c objdir/simpleserial.o
 .debug_info    0x00000b6e      0xc61 objdir/stm32f3_hal.o
 .debug_info    0x000017cf     0x240a objdir/stm32f3_hal_lowlevel.o

.debug_abbrev   0x00000000      0x8e3
 .debug_abbrev  0x00000000      0x173 objdir/main.o
 .debug_abbrev  0x00000173      0x1fe objdir/simpleserial.o
 .debug_abbrev  0x00000371      0x1e3 objdir/stm32f3_hal.o
 .debug_abbrev  0x00000554      0x38f objdir/stm32f3_hal_lowlevel.o

.debug_loc      0x00000000      0xe18
 .debug_loc     0x00000000      0x226 objdir/main.o
 .debug_loc     0x00000226      0x330 objdir/simpleserial.o
 .debug_loc     0x00000556      0x28a objdir/stm32f3_hal.o
 .debug_loc     0x000007e0      0x638 objdir/stm32f3_hal_lowlevel.o

.debug_aranges  0x00000000      0x1d0
 .debug_aranges
                0x00000000       0x50 objdir/main.o
 .debug_aranges
                0x00000050       0x68 objdir/simpleserial.o
 .debug_aranges
                0x000000b8       0x60 objdir/stm32f3_hal.o
 .debug_aranges
                0x00000118       0xb8 objdir/stm32f3_hal_lowlevel.o

.debug_ranges   0x00000000      0x1c0
 .debug_ranges  0x00000000       0x40 objdir/main.o
 .debug_ranges  0x00000040       0x88 objdir/simpleserial.o
 .debug_ranges  0x000000c8       0x50 objdir/stm32f3_hal.o
 .debug_ranges  0x00000118       0xa8 objdir/stm32f3_hal_lowlevel.o

.debug_line     0x00000000     0x1e78
 .debug_line    0x00000000      0x2d9 objdir/main.o
 .debug_line    0x000002d9      0x4ee objdir/simpleserial.o
 .debug_line    0x000007c7      0x345 objdir/stm32f3_hal.o
 .debug_line    0x00000b0c     0x136c objdir/stm32f3_hal_lowlevel.o

.debug_str      0x00000000     0x13da
 .debug_str     0x00000000      0x2b6 objdir/main.o
                                0x30e (size before relaxing)
 .debug_str     0x000002b6      0x127 objdir/simpleserial.o
                                0x2db (size before relaxing)
 .debug_str     0x000003dd      0x6c9 objdir/stm32f3_hal.o
                                0x8b4 (size before relaxing)
 .debug_str     0x00000aa6      0x934 objdir/stm32f3_hal_lowlevel.o
                               0x1190 (size before relaxing)

.comment        0x00000000       0x4d
 .comment       0x00000000       0x4d objdir/main.o
                                 0x4e (size before relaxing)
 .comment       0x0000004d       0x4e objdir/simpleserial.o
 .comment       0x0000004d       0x4e objdir/stm32f3_hal.o
 .comment       0x0000004d       0x4e objdir/stm32f3_hal_lowlevel.o

.debug_frame    0x00000000      0x728
 .debug_frame   0x00000000      0x140 objdir/main.o
 .debug_frame   0x00000140      0x184 objdir/simpleserial.o
 .debug_frame   0x000002c4      0x144 objdir/stm32f3_hal.o
 .debug_frame   0x00000408      0x2f4 objdir/stm32f3_hal_lowlevel.o
 .debug_frame   0x000006fc       0x2c c:/users/user/chipwhisperer5_64/cw/home/portable/armgcc/gcc-arm-none-eabi-10-2020-q4-major/bin/../lib/gcc/arm-none-eabi/10.2.1/../../../../arm-none-eabi/lib/thumb/v7e-m/nofp\libg_nano.a(lib_a-init.o)

.stab           0x00000000      0x144
 .stab          0x00000000      0x144 objdir/stm32f3_startup.o

.stabstr        0x00000000       0x55
 .stabstr       0x00000000       0x55 objdir/stm32f3_startup.o

Cross Reference Table

Symbol                                            File
AES256_CTR_DRBG_Update                            objdir/katrng.o
AES256_ECB                                        objdir/katrng.o
BusFault_Handler                                  objdir/stm32f3_startup.o
DRBG_ctx                                          objdir/katrng.o
DebugMon_Handler                                  objdir/stm32f3_startup.o
Default_Handler                                   objdir/stm32f3_startup.o
HAL_GPIO_Init                                     objdir/stm32f3_hal_lowlevel.o
                                                  objdir/stm32f3_hal.o
HAL_GPIO_WritePin                                 objdir/stm32f3_hal_lowlevel.o
                                                  objdir/stm32f3_hal.o
HAL_GetTick                                       objdir/stm32f3_hal_lowlevel.o
HAL_IncTick                                       objdir/stm32f3_hal_lowlevel.o
HAL_InitTick                                      objdir/stm32f3_hal_lowlevel.o
HAL_NVIC_SetPriority                              objdir/stm32f3_hal_lowlevel.o
HAL_RCC_ClockConfig                               objdir/stm32f3_hal_lowlevel.o
                                                  objdir/stm32f3_hal.o
HAL_RCC_GetPCLK1Freq                              objdir/stm32f3_hal_lowlevel.o
HAL_RCC_GetPCLK2Freq                              objdir/stm32f3_hal_lowlevel.o
HAL_RCC_GetSysClockFreq                           objdir/stm32f3_hal_lowlevel.o
HAL_RCC_OscConfig                                 objdir/stm32f3_hal_lowlevel.o
                                                  objdir/stm32f3_hal.o
HAL_UART_Init                                     objdir/stm32f3_hal_lowlevel.o
                                                  objdir/stm32f3_hal.o
HAL_UART_Receive                                  objdir/stm32f3_hal_lowlevel.o
                                                  objdir/stm32f3_hal.o
HAL_UART_Transmit                                 objdir/stm32f3_hal_lowlevel.o
                                                  objdir/stm32f3_hal.o
HardFault_Handler                                 objdir/stm32f3_startup.o
MemManage_Handler                                 objdir/stm32f3_startup.o
NMI_Handler                                       objdir/stm32f3_startup.o
PendSV_Handler                                    objdir/stm32f3_startup.o
Reset_Handler                                     objdir/stm32f3_startup.o
SVC_Handler                                       objdir/stm32f3_startup.o
SysTick_Handler                                   objdir/stm32f3_startup.o
SystemCoreClock                                   objdir/stm32f3_hal_lowlevel.o
SystemInit                                        objdir/stm32f3_startup.o
UART_CheckIdleState                               objdir/stm32f3_hal_lowlevel.o
UART_SetConfig                                    objdir/stm32f3_hal_lowlevel.o
UART_WaitOnFlagUntilTimeout                       objdir/stm32f3_hal_lowlevel.o
UartHandle                                        objdir/stm32f3_hal.o
UsageFault_Handler                                objdir/stm32f3_startup.o
__bss_end__                                       c:/users/user/chipwhisperer5_64/cw/home/portable/armgcc/gcc-arm-none-eabi-10-2020-q4-major/bin/../lib/gcc/arm-none-eabi/10.2.1/../../../../arm-none-eabi/lib/thumb/v7e-m/nofp/crt0.o
__bss_start__                                     c:/users/user/chipwhisperer5_64/cw/home/portable/armgcc/gcc-arm-none-eabi-10-2020-q4-major/bin/../lib/gcc/arm-none-eabi/10.2.1/../../../../arm-none-eabi/lib/thumb/v7e-m/nofp/crt0.o
__call_exitprocs                                  c:/users/user/chipwhisperer5_64/cw/home/portable/armgcc/gcc-arm-none-eabi-10-2020-q4-major/bin/../lib/gcc/arm-none-eabi/10.2.1/../../../../arm-none-eabi/lib/thumb/v7e-m/nofp\libg_nano.a(lib_a-exit.o)
__deregister_frame_info                           c:/users/user/chipwhisperer5_64/cw/home/portable/armgcc/gcc-arm-none-eabi-10-2020-q4-major/bin/../lib/gcc/arm-none-eabi/10.2.1/thumb/v7e-m/nofp/crtbegin.o
__dso_handle                                      c:/users/user/chipwhisperer5_64/cw/home/portable/armgcc/gcc-arm-none-eabi-10-2020-q4-major/bin/../lib/gcc/arm-none-eabi/10.2.1/thumb/v7e-m/nofp/crtbegin.o
__errno                                           c:/users/user/chipwhisperer5_64/cw/home/portable/armgcc/gcc-arm-none-eabi-10-2020-q4-major/bin/../lib/gcc/arm-none-eabi/10.2.1/../../../../arm-none-eabi/lib/thumb/v7e-m/nofp\libg_nano.a(lib_a-errno.o)
                                                  objdir/stm32f3_sysmem.o
__init_array_end                                  c:/users/user/chipwhisperer5_64/cw/home/portable/armgcc/gcc-arm-none-eabi-10-2020-q4-major/bin/../lib/gcc/arm-none-eabi/10.2.1/../../../../arm-none-eabi/lib/thumb/v7e-m/nofp\libg_nano.a(lib_a-init.o)
__init_array_start                                c:/users/user/chipwhisperer5_64/cw/home/portable/armgcc/gcc-arm-none-eabi-10-2020-q4-major/bin/../lib/gcc/arm-none-eabi/10.2.1/../../../../arm-none-eabi/lib/thumb/v7e-m/nofp\libg_nano.a(lib_a-init.o)
__libc_fini_array                                 c:/users/user/chipwhisperer5_64/cw/home/portable/armgcc/gcc-arm-none-eabi-10-2020-q4-major/bin/../lib/gcc/arm-none-eabi/10.2.1/../../../../arm-none-eabi/lib/thumb/v7e-m/nofp/crt0.o
__libc_init_array                                 c:/users/user/chipwhisperer5_64/cw/home/portable/armgcc/gcc-arm-none-eabi-10-2020-q4-major/bin/../lib/gcc/arm-none-eabi/10.2.1/../../../../arm-none-eabi/lib/thumb/v7e-m/nofp\libg_nano.a(lib_a-init.o)
                                                  objdir/stm32f3_startup.o
                                                  c:/users/user/chipwhisperer5_64/cw/home/portable/armgcc/gcc-arm-none-eabi-10-2020-q4-major/bin/../lib/gcc/arm-none-eabi/10.2.1/../../../../arm-none-eabi/lib/thumb/v7e-m/nofp/crt0.o
__preinit_array_end                               c:/users/user/chipwhisperer5_64/cw/home/portable/armgcc/gcc-arm-none-eabi-10-2020-q4-major/bin/../lib/gcc/arm-none-eabi/10.2.1/../../../../arm-none-eabi/lib/thumb/v7e-m/nofp\libg_nano.a(lib_a-init.o)
__preinit_array_start                             c:/users/user/chipwhisperer5_64/cw/home/portable/armgcc/gcc-arm-none-eabi-10-2020-q4-major/bin/../lib/gcc/arm-none-eabi/10.2.1/../../../../arm-none-eabi/lib/thumb/v7e-m/nofp\libg_nano.a(lib_a-init.o)
__register_frame_info                             c:/users/user/chipwhisperer5_64/cw/home/portable/armgcc/gcc-arm-none-eabi-10-2020-q4-major/bin/../lib/gcc/arm-none-eabi/10.2.1/thumb/v7e-m/nofp/crtbegin.o
__sf_fake_stderr                                  c:/users/user/chipwhisperer5_64/cw/home/portable/armgcc/gcc-arm-none-eabi-10-2020-q4-major/bin/../lib/gcc/arm-none-eabi/10.2.1/../../../../arm-none-eabi/lib/thumb/v7e-m/nofp\libg_nano.a(lib_a-impure.o)
__sf_fake_stdin                                   c:/users/user/chipwhisperer5_64/cw/home/portable/armgcc/gcc-arm-none-eabi-10-2020-q4-major/bin/../lib/gcc/arm-none-eabi/10.2.1/../../../../arm-none-eabi/lib/thumb/v7e-m/nofp\libg_nano.a(lib_a-impure.o)
__sf_fake_stdout                                  c:/users/user/chipwhisperer5_64/cw/home/portable/armgcc/gcc-arm-none-eabi-10-2020-q4-major/bin/../lib/gcc/arm-none-eabi/10.2.1/../../../../arm-none-eabi/lib/thumb/v7e-m/nofp\libg_nano.a(lib_a-impure.o)
__stack                                           c:/users/user/chipwhisperer5_64/cw/home/portable/armgcc/gcc-arm-none-eabi-10-2020-q4-major/bin/../lib/gcc/arm-none-eabi/10.2.1/../../../../arm-none-eabi/lib/thumb/v7e-m/nofp/crt0.o
_ebss                                             objdir/stm32f3_startup.o
_edata                                            objdir/stm32f3_startup.o
_estack                                           objdir/stm32f3_startup.o
_exit                                             c:/users/user/chipwhisperer5_64/cw/home/portable/armgcc/gcc-arm-none-eabi-10-2020-q4-major/bin/../lib/gcc/arm-none-eabi/10.2.1/../../../../arm-none-eabi/lib/thumb/v7e-m/nofp\libnosys.a(_exit.o)
                                                  c:/users/user/chipwhisperer5_64/cw/home/portable/armgcc/gcc-arm-none-eabi-10-2020-q4-major/bin/../lib/gcc/arm-none-eabi/10.2.1/../../../../arm-none-eabi/lib/thumb/v7e-m/nofp\libg_nano.a(lib_a-exit.o)
_fini                                             c:/users/user/chipwhisperer5_64/cw/home/portable/armgcc/gcc-arm-none-eabi-10-2020-q4-major/bin/../lib/gcc/arm-none-eabi/10.2.1/thumb/v7e-m/nofp/crti.o
_global_impure_ptr                                c:/users/user/chipwhisperer5_64/cw/home/portable/armgcc/gcc-arm-none-eabi-10-2020-q4-major/bin/../lib/gcc/arm-none-eabi/10.2.1/../../../../arm-none-eabi/lib/thumb/v7e-m/nofp\libg_nano.a(lib_a-impure.o)
                                                  c:/users/user/chipwhisperer5_64/cw/home/portable/armgcc/gcc-arm-none-eabi-10-2020-q4-major/bin/../lib/gcc/arm-none-eabi/10.2.1/../../../../arm-none-eabi/lib/thumb/v7e-m/nofp\libg_nano.a(lib_a-exit.o)
_impure_ptr                                       c:/users/user/chipwhisperer5_64/cw/home/portable/armgcc/gcc-arm-none-eabi-10-2020-q4-major/bin/../lib/gcc/arm-none-eabi/10.2.1/../../../../arm-none-eabi/lib/thumb/v7e-m/nofp\libg_nano.a(lib_a-impure.o)
                                                  c:/users/user/chipwhisperer5_64/cw/home/portable/armgcc/gcc-arm-none-eabi-10-2020-q4-major/bin/../lib/gcc/arm-none-eabi/10.2.1/../../../../arm-none-eabi/lib/thumb/v7e-m/nofp\libg_nano.a(lib_a-errno.o)
_init                                             c:/users/user/chipwhisperer5_64/cw/home/portable/armgcc/gcc-arm-none-eabi-10-2020-q4-major/bin/../lib/gcc/arm-none-eabi/10.2.1/thumb/v7e-m/nofp/crti.o
                                                  c:/users/user/chipwhisperer5_64/cw/home/portable/armgcc/gcc-arm-none-eabi-10-2020-q4-major/bin/../lib/gcc/arm-none-eabi/10.2.1/../../../../arm-none-eabi/lib/thumb/v7e-m/nofp\libg_nano.a(lib_a-init.o)
_mainCRTStartup                                   c:/users/user/chipwhisperer5_64/cw/home/portable/armgcc/gcc-arm-none-eabi-10-2020-q4-major/bin/../lib/gcc/arm-none-eabi/10.2.1/../../../../arm-none-eabi/lib/thumb/v7e-m/nofp/crt0.o
_sbrk                                             objdir/stm32f3_sysmem.o
_sbss                                             objdir/stm32f3_startup.o
_sdata                                            objdir/stm32f3_startup.o
_sidata                                           objdir/stm32f3_startup.o
_stack_init                                       c:/users/user/chipwhisperer5_64/cw/home/portable/armgcc/gcc-arm-none-eabi-10-2020-q4-major/bin/../lib/gcc/arm-none-eabi/10.2.1/../../../../arm-none-eabi/lib/thumb/v7e-m/nofp/crt0.o
_start                                            c:/users/user/chipwhisperer5_64/cw/home/portable/armgcc/gcc-arm-none-eabi-10-2020-q4-major/bin/../lib/gcc/arm-none-eabi/10.2.1/../../../../arm-none-eabi/lib/thumb/v7e-m/nofp/crt0.o
atexit                                            c:/users/user/chipwhisperer5_64/cw/home/portable/armgcc/gcc-arm-none-eabi-10-2020-q4-major/bin/../lib/gcc/arm-none-eabi/10.2.1/../../../../arm-none-eabi/lib/thumb/v7e-m/nofp/crt0.o
change_err_led                                    objdir/stm32f3_hal.o
change_ok_led                                     objdir/stm32f3_hal.o
check_f                                           objdir/main.o
check_hm                                          objdir/main.o
check_version                                     objdir/simpleserial.o
crypto_sign                                       objdir/nist.o
crypto_sign_keypair                               objdir/nist.o
crypto_sign_open                                  objdir/nist.o
end                                               objdir/stm32f3_sysmem.o
exit                                              c:/users/user/chipwhisperer5_64/cw/home/portable/armgcc/gcc-arm-none-eabi-10-2020-q4-major/bin/../lib/gcc/arm-none-eabi/10.2.1/../../../../arm-none-eabi/lib/thumb/v7e-m/nofp\libg_nano.a(lib_a-exit.o)
                                                  c:/users/user/chipwhisperer5_64/cw/home/portable/armgcc/gcc-arm-none-eabi-10-2020-q4-major/bin/../lib/gcc/arm-none-eabi/10.2.1/../../../../arm-none-eabi/lib/thumb/v7e-m/nofp/crt0.o
f                                                 objdir/main.o
falcon_inner_FFT                                  objdir/fft.o
                                                  objdir/sign.o
                                                  objdir/keygen.o
falcon_inner_comp_decode                          objdir/codec.o
                                                  objdir/nist.o
falcon_inner_comp_encode                          objdir/codec.o
falcon_inner_complete_private                     objdir/vrfy.o
falcon_inner_compute_public                       objdir/vrfy.o
                                                  objdir/keygen.o
falcon_inner_count_nttzero                        objdir/vrfy.o
falcon_inner_expand_privkey                       objdir/sign.o
falcon_inner_fpr_add                              objdir/fpr.o
                                                  objdir/sign.o
                                                  objdir/keygen.o
                                                  objdir/fft.o
falcon_inner_fpr_div                              objdir/fpr.o
                                                  objdir/fft.o
falcon_inner_fpr_expm_p63                         objdir/fpr.o
                                                  objdir/sign.o
falcon_inner_fpr_gm_tab                           objdir/fpr.o
                                                  objdir/fft.o
falcon_inner_fpr_mul                              objdir/fpr.o
                                                  objdir/sign.o
                                                  objdir/keygen.o
                                                  objdir/fft.o
falcon_inner_fpr_p2_tab                           objdir/fpr.o
                                                  objdir/fft.o
falcon_inner_fpr_scaled                           objdir/fpr.o
                                                  objdir/sign.o
                                                  objdir/keygen.o
falcon_inner_fpr_sqrt                             objdir/fpr.o
                                                  objdir/sign.o
falcon_inner_gaussian0_sampler                    objdir/sign.o
falcon_inner_hash_to_point_ct                     objdir/common.o
falcon_inner_hash_to_point_vartime                objdir/common.o
                                                  objdir/nist.o
falcon_inner_iFFT                                 objdir/fft.o
                                                  objdir/sign.o
                                                  objdir/keygen.o
falcon_inner_i_shake256_extract                   objdir/shake.o
                                                  objdir/rng.o
                                                  objdir/keygen.o
                                                  objdir/common.o
falcon_inner_i_shake256_flip                      objdir/shake.o
                                                  objdir/nist.o
falcon_inner_i_shake256_init                      objdir/shake.o
                                                  objdir/nist.o
falcon_inner_i_shake256_inject                    objdir/shake.o
                                                  objdir/nist.o
falcon_inner_is_invertible                        objdir/vrfy.o
falcon_inner_is_short                             objdir/common.o
                                                  objdir/vrfy.o
falcon_inner_is_short_half                        objdir/common.o
                                                  objdir/sign.o
falcon_inner_keygen                               objdir/keygen.o
                                                  objdir/nist.o
falcon_inner_max_FG_bits                          objdir/codec.o
                                                  objdir/nist.o
                                                  objdir/keygen.o
falcon_inner_max_fg_bits                          objdir/codec.o
                                                  objdir/nist.o
                                                  objdir/keygen.o
falcon_inner_max_sig_bits                         objdir/codec.o
falcon_inner_modq_decode                          objdir/codec.o
                                                  objdir/nist.o
falcon_inner_modq_encode                          objdir/codec.o
                                                  objdir/nist.o
falcon_inner_poly_LDL_fft                         objdir/fft.o
                                                  objdir/sign.o
falcon_inner_poly_LDLmv_fft                       objdir/fft.o
                                                  objdir/sign.o
falcon_inner_poly_add                             objdir/fft.o
                                                  objdir/sign.o
                                                  objdir/keygen.o
falcon_inner_poly_add_muladj_fft                  objdir/fft.o
                                                  objdir/keygen.o
falcon_inner_poly_adj_fft                         objdir/fft.o
                                                  objdir/keygen.o
falcon_inner_poly_div_autoadj_fft                 objdir/fft.o
                                                  objdir/keygen.o
falcon_inner_poly_div_fft                         objdir/fft.o
falcon_inner_poly_invnorm2_fft                    objdir/fft.o
                                                  objdir/keygen.o
falcon_inner_poly_merge_fft                       objdir/fft.o
                                                  objdir/sign.o
falcon_inner_poly_mul_autoadj_fft                 objdir/fft.o
                                                  objdir/keygen.o
falcon_inner_poly_mul_fft                         objdir/fft.o
                                                  objdir/sign.o
                                                  objdir/keygen.o
falcon_inner_poly_muladj_fft                      objdir/fft.o
                                                  objdir/sign.o
falcon_inner_poly_mulconst                        objdir/fft.o
                                                  objdir/sign.o
                                                  objdir/keygen.o
falcon_inner_poly_mulselfadj_fft                  objdir/fft.o
                                                  objdir/sign.o
falcon_inner_poly_neg                             objdir/fft.o
                                                  objdir/sign.o
falcon_inner_poly_split_fft                       objdir/fft.o
                                                  objdir/sign.o
falcon_inner_poly_sub                             objdir/fft.o
                                                  objdir/sign.o
                                                  objdir/keygen.o
falcon_inner_prng_get_bytes                       objdir/rng.o
falcon_inner_prng_init                            objdir/rng.o
                                                  objdir/sign.o
falcon_inner_prng_refill                          objdir/rng.o
                                                  objdir/sign.o
falcon_inner_sampler                              objdir/sign.o
falcon_inner_sign_dyn                             objdir/sign.o
                                                  objdir/nist.o
falcon_inner_sign_tree                            objdir/sign.o
falcon_inner_to_ntt_monty                         objdir/vrfy.o
                                                  objdir/nist.o
falcon_inner_trim_i16_decode                      objdir/codec.o
falcon_inner_trim_i16_encode                      objdir/codec.o
falcon_inner_trim_i8_decode                       objdir/codec.o
falcon_inner_trim_i8_encode                       objdir/codec.o
                                                  objdir/nist.o
falcon_inner_verify_raw                           objdir/vrfy.o
                                                  objdir/nist.o
falcon_inner_verify_recover                       objdir/vrfy.o
g_pfnVectors                                      objdir/stm32f3_startup.o
getch                                             objdir/stm32f3_hal.o
                                                  objdir/simpleserial.o
hal_sys_tick                                      objdir/stm32f3_hal_lowlevel.o
hardware_init_hook                                c:/users/user/chipwhisperer5_64/cw/home/portable/armgcc/gcc-arm-none-eabi-10-2020-q4-major/bin/../lib/gcc/arm-none-eabi/10.2.1/../../../../arm-none-eabi/lib/thumb/v7e-m/nofp/crt0.o
hex_decode                                        objdir/simpleserial.o
hm                                                objdir/main.o
init_uart                                         objdir/stm32f3_hal.o
                                                  objdir/main.o
m                                                 objdir/main.o
main                                              objdir/main.o
                                                  objdir/stm32f3_startup.o
                                                  c:/users/user/chipwhisperer5_64/cw/home/portable/armgcc/gcc-arm-none-eabi-10-2020-q4-major/bin/../lib/gcc/arm-none-eabi/10.2.1/../../../../arm-none-eabi/lib/thumb/v7e-m/nofp/crt0.o
memcpy                                            c:/users/user/chipwhisperer5_64/cw/home/portable/armgcc/gcc-arm-none-eabi-10-2020-q4-major/bin/../lib/gcc/arm-none-eabi/10.2.1/../../../../arm-none-eabi/lib/thumb/v7e-m/nofp\libg_nano.a(lib_a-memcpy-stub.o)
                                                  objdir/sign.o
                                                  objdir/rng.o
                                                  objdir/nist.o
                                                  objdir/keygen.o
                                                  objdir/katrng.o
memmove                                           c:/users/user/chipwhisperer5_64/cw/home/portable/armgcc/gcc-arm-none-eabi-10-2020-q4-major/bin/../lib/gcc/arm-none-eabi/10.2.1/../../../../arm-none-eabi/lib/thumb/v7e-m/nofp\libg_nano.a(lib_a-memmove.o)
                                                  objdir/sign.o
                                                  objdir/nist.o
                                                  objdir/keygen.o
                                                  objdir/katrng.o
memset                                            c:/users/user/chipwhisperer5_64/cw/home/portable/armgcc/gcc-arm-none-eabi-10-2020-q4-major/bin/../lib/gcc/arm-none-eabi/10.2.1/../../../../arm-none-eabi/lib/thumb/v7e-m/nofp\libg_nano.a(lib_a-memset.o)
                                                  objdir/shake.o
                                                  objdir/keygen.o
                                                  objdir/katrng.o
                                                  c:/users/user/chipwhisperer5_64/cw/home/portable/armgcc/gcc-arm-none-eabi-10-2020-q4-major/bin/../lib/gcc/arm-none-eabi/10.2.1/../../../../arm-none-eabi/lib/thumb/v7e-m/nofp/crt0.o
mlen                                              objdir/main.o
platform_init                                     objdir/stm32f3_hal.o
                                                  objdir/main.o
putch                                             objdir/stm32f3_hal.o
                                                  objdir/simpleserial.o
randombytes                                       objdir/katrng.o
                                                  objdir/nist.o
randombytes_init                                  objdir/katrng.o
seedexpander                                      objdir/katrng.o
seedexpander_init                                 objdir/katrng.o
set_f                                             objdir/main.o
sign                                              objdir/main.o
simpleserial_addcmd                               objdir/simpleserial.o
                                                  objdir/main.o
simpleserial_addcmd_flags                         objdir/simpleserial.o
simpleserial_get                                  objdir/simpleserial.o
                                                  objdir/main.o
simpleserial_init                                 objdir/simpleserial.o
                                                  objdir/main.o
simpleserial_put                                  objdir/simpleserial.o
                                                  objdir/main.o
sk                                                objdir/main.o
sm                                                objdir/main.o
smlen                                             objdir/main.o
software_init_hook                                c:/users/user/chipwhisperer5_64/cw/home/portable/armgcc/gcc-arm-none-eabi-10-2020-q4-major/bin/../lib/gcc/arm-none-eabi/10.2.1/../../../../arm-none-eabi/lib/thumb/v7e-m/nofp/crt0.o
ss_crc                                            objdir/simpleserial.o
ss_get_commands                                   objdir/simpleserial.o
ss_num_commands                                   objdir/simpleserial.o
transform                                         objdir/main.o
transform1                                        objdir/main.o
trigger_high                                      objdir/stm32f3_hal.o
                                                  objdir/main.o
trigger_low                                       objdir/stm32f3_hal.o
                                                  objdir/main.o
trigger_setup                                     objdir/stm32f3_hal.o
                                                  objdir/main.o
uwTick                                            objdir/stm32f3_hal_lowlevel.o
